  activesupport (4.0.2) lib/active_support/tagged_logging.rb:67:in `tagged'
  railties (4.0.2) lib/rails/rack/logger.rb:20:in `call'
  actionpack (4.0.2) lib/action_dispatch/middleware/request_id.rb:21:in `call'
  rack (1.5.2) lib/rack/methodoverride.rb:21:in `call'
  rack (1.5.2) lib/rack/runtime.rb:17:in `call'
  activesupport (4.0.2) lib/active_support/cache/strategy/local_cache.rb:83:in `call'
  rack (1.5.2) lib/rack/sendfile.rb:112:in `call'
  railties (4.0.2) lib/rails/engine.rb:511:in `call'
  railties (4.0.2) lib/rails/application.rb:97:in `call'
  unicorn (4.7.0) lib/unicorn/http_server.rb:580:in `process_client'
  unicorn (4.7.0) lib/unicorn/http_server.rb:660:in `worker_loop'
  unicorn (4.7.0) lib/unicorn/http_server.rb:527:in `spawn_missing_workers'
  unicorn (4.7.0) lib/unicorn/http_server.rb:153:in `start'
  unicorn (4.7.0) bin/unicorn:126:in `<top (required)>'
  /usr/local/rvm/gems/ruby-2.0.0-p353/bin/unicorn:23:in `load'
  /usr/local/rvm/gems/ruby-2.0.0-p353/bin/unicorn:23:in `<main>'
  /usr/local/rvm/gems/ruby-2.0.0-p353/bin/ruby_executable_hooks:15:in `eval'
  /usr/local/rvm/gems/ruby-2.0.0-p353/bin/ruby_executable_hooks:15:in `<main>'


I, [2014-02-05T01:49:44.998886 #745]  INFO -- : Started GET "/testos" for 190.53.48.241 at 2014-02-05 01:49:44 +0000
F, [2014-02-05T01:49:45.004757 #745] FATAL -- : 
ActionController::RoutingError (No route matches [GET] "/testos"):
  actionpack (4.0.2) lib/action_dispatch/middleware/debug_exceptions.rb:21:in `call'
  actionpack (4.0.2) lib/action_dispatch/middleware/show_exceptions.rb:30:in `call'
  railties (4.0.2) lib/rails/rack/logger.rb:38:in `call_app'
  railties (4.0.2) lib/rails/rack/logger.rb:20:in `block in call'
  activesupport (4.0.2) lib/active_support/tagged_logging.rb:67:in `block in tagged'
  activesupport (4.0.2) lib/active_support/tagged_logging.rb:25:in `tagged'
  activesupport (4.0.2) lib/active_support/tagged_logging.rb:67:in `tagged'
  railties (4.0.2) lib/rails/rack/logger.rb:20:in `call'
  actionpack (4.0.2) lib/action_dispatch/middleware/request_id.rb:21:in `call'
  rack (1.5.2) lib/rack/methodoverride.rb:21:in `call'
  rack (1.5.2) lib/rack/runtime.rb:17:in `call'
  activesupport (4.0.2) lib/active_support/cache/strategy/local_cache.rb:83:in `call'
  rack (1.5.2) lib/rack/sendfile.rb:112:in `call'
  railties (4.0.2) lib/rails/engine.rb:511:in `call'
  railties (4.0.2) lib/rails/application.rb:97:in `call'
  unicorn (4.7.0) lib/unicorn/http_server.rb:580:in `process_client'
  unicorn (4.7.0) lib/unicorn/http_server.rb:660:in `worker_loop'
  unicorn (4.7.0) lib/unicorn/http_server.rb:527:in `spawn_missing_workers'
  unicorn (4.7.0) lib/unicorn/http_server.rb:153:in `start'
  unicorn (4.7.0) bin/unicorn:126:in `<top (required)>'
  /usr/local/rvm/gems/ruby-2.0.0-p353/bin/unicorn:23:in `load'
  /usr/local/rvm/gems/ruby-2.0.0-p353/bin/unicorn:23:in `<main>'
  /usr/local/rvm/gems/ruby-2.0.0-p353/bin/ruby_executable_hooks:15:in `eval'
  /usr/local/rvm/gems/ruby-2.0.0-p353/bin/ruby_executable_hooks:15:in `<main>'


I, [2014-02-05T01:49:45.008484 #747]  INFO -- : Started GET "/testos" for 190.53.48.241 at 2014-02-05 01:49:45 +0000
F, [2014-02-05T01:49:45.010760 #747] FATAL -- : 
ActionController::RoutingError (No route matches [GET] "/testos"):
  actionpack (4.0.2) lib/action_dispatch/middleware/debug_exceptions.rb:21:in `call'
  actionpack (4.0.2) lib/action_dispatch/middleware/show_exceptions.rb:30:in `call'
  railties (4.0.2) lib/rails/rack/logger.rb:38:in `call_app'
  railties (4.0.2) lib/rails/rack/logger.rb:20:in `block in call'
  activesupport (4.0.2) lib/active_support/tagged_logging.rb:67:in `block in tagged'
  activesupport (4.0.2) lib/active_support/tagged_logging.rb:25:in `tagged'
  activesupport (4.0.2) lib/active_support/tagged_logging.rb:67:in `tagged'
  railties (4.0.2) lib/rails/rack/logger.rb:20:in `call'
  actionpack (4.0.2) lib/action_dispatch/middleware/request_id.rb:21:in `call'
  rack (1.5.2) lib/rack/methodoverride.rb:21:in `call'
  rack (1.5.2) lib/rack/runtime.rb:17:in `call'
  activesupport (4.0.2) lib/active_support/cache/strategy/local_cache.rb:83:in `call'
  rack (1.5.2) lib/rack/sendfile.rb:112:in `call'
  railties (4.0.2) lib/rails/engine.rb:511:in `call'
  railties (4.0.2) lib/rails/application.rb:97:in `call'
  unicorn (4.7.0) lib/unicorn/http_server.rb:580:in `process_client'
  unicorn (4.7.0) lib/unicorn/http_server.rb:660:in `worker_loop'
  unicorn (4.7.0) lib/unicorn/http_server.rb:527:in `spawn_missing_workers'
  unicorn (4.7.0) lib/unicorn/http_server.rb:153:in `start'
  unicorn (4.7.0) bin/unicorn:126:in `<top (required)>'
  /usr/local/rvm/gems/ruby-2.0.0-p353/bin/unicorn:23:in `load'
  /usr/local/rvm/gems/ruby-2.0.0-p353/bin/unicorn:23:in `<main>'
  /usr/local/rvm/gems/ruby-2.0.0-p353/bin/ruby_executable_hooks:15:in `eval'
  /usr/local/rvm/gems/ruby-2.0.0-p353/bin/ruby_executable_hooks:15:in `<main>'


I, [2014-02-05T01:50:01.851742 #1409]  INFO -- : Started GET "/testos" for 190.53.48.241 at 2014-02-05 01:50:01 +0000
F, [2014-02-05T01:50:01.862955 #1409] FATAL -- : 
ActionController::RoutingError (No route matches [GET] "/testos"):
  actionpack (4.0.2) lib/action_dispatch/middleware/debug_exceptions.rb:21:in `call'
  actionpack (4.0.2) lib/action_dispatch/middleware/show_exceptions.rb:30:in `call'
  railties (4.0.2) lib/rails/rack/logger.rb:38:in `call_app'
  railties (4.0.2) lib/rails/rack/logger.rb:20:in `block in call'
  activesupport (4.0.2) lib/active_support/tagged_logging.rb:67:in `block in tagged'
  activesupport (4.0.2) lib/active_support/tagged_logging.rb:25:in `tagged'
  activesupport (4.0.2) lib/active_support/tagged_logging.rb:67:in `tagged'
  railties (4.0.2) lib/rails/rack/logger.rb:20:in `call'
  actionpack (4.0.2) lib/action_dispatch/middleware/request_id.rb:21:in `call'
  rack (1.5.2) lib/rack/methodoverride.rb:21:in `call'
  rack (1.5.2) lib/rack/runtime.rb:17:in `call'
  activesupport (4.0.2) lib/active_support/cache/strategy/local_cache.rb:83:in `call'
  rack (1.5.2) lib/rack/sendfile.rb:112:in `call'
  railties (4.0.2) lib/rails/engine.rb:511:in `call'
  railties (4.0.2) lib/rails/application.rb:97:in `call'
  unicorn (4.7.0) lib/unicorn/http_server.rb:580:in `process_client'
  unicorn (4.7.0) lib/unicorn/http_server.rb:660:in `worker_loop'
  unicorn (4.7.0) lib/unicorn/http_server.rb:527:in `spawn_missing_workers'
  unicorn (4.7.0) lib/unicorn/http_server.rb:153:in `start'
  unicorn (4.7.0) bin/unicorn:126:in `<top (required)>'
  /usr/local/rvm/gems/ruby-2.0.0-p353/bin/unicorn:23:in `load'
  /usr/local/rvm/gems/ruby-2.0.0-p353/bin/unicorn:23:in `<main>'
  /usr/local/rvm/gems/ruby-2.0.0-p353/bin/ruby_executable_hooks:15:in `eval'
  /usr/local/rvm/gems/ruby-2.0.0-p353/bin/ruby_executable_hooks:15:in `<main>'


I, [2014-02-05T01:50:08.660135 #1406]  INFO -- : Started GET "/tests" for 190.53.48.241 at 2014-02-05 01:50:08 +0000
I, [2014-02-05T01:50:08.671131 #1406]  INFO -- : Processing by TestsController#index as HTML
E, [2014-02-05T01:50:08.719808 #1406] ERROR -- : SQLite3::SQLException: no such table: tests: SELECT "tests".* FROM "tests"
I, [2014-02-05T01:50:08.720911 #1406]  INFO -- :   Rendered tests/index.html.erb within layouts/application (3.9ms)
I, [2014-02-05T01:50:08.721178 #1406]  INFO -- : Completed 500 Internal Server Error in 50ms
F, [2014-02-05T01:50:08.725632 #1406] FATAL -- : 
ActionView::Template::Error (SQLite3::SQLException: no such table: tests: SELECT "tests".* FROM "tests"):
    11:   </thead>
    12: 
    13:   <tbody>
    14:     <% @tests.each do |test| %>
    15:       <tr>
    16:         <td><%= test.num %></td>
    17:         <td><%= link_to 'Show', test %></td>
  app/views/tests/index.html.erb:14:in `_app_views_tests_index_html_erb__4278217600819741335_32056480'


I, [2014-02-05T01:50:08.930490 #1409]  INFO -- : Started GET "/tests" for 190.53.48.241 at 2014-02-05 01:50:08 +0000
I, [2014-02-05T01:50:08.933736 #1409]  INFO -- : Processing by TestsController#index as HTML
E, [2014-02-05T01:50:08.980499 #1409] ERROR -- : SQLite3::SQLException: no such table: tests: SELECT "tests".* FROM "tests"
I, [2014-02-05T01:50:08.981641 #1409]  INFO -- :   Rendered tests/index.html.erb within layouts/application (3.7ms)
I, [2014-02-05T01:50:08.981953 #1409]  INFO -- : Completed 500 Internal Server Error in 48ms
F, [2014-02-05T01:50:08.986099 #1409] FATAL -- : 
ActionView::Template::Error (SQLite3::SQLException: no such table: tests: SELECT "tests".* FROM "tests"):
    11:   </thead>
    12: 
    13:   <tbody>
    14:     <% @tests.each do |test| %>
    15:       <tr>
    16:         <td><%= test.num %></td>
    17:         <td><%= link_to 'Show', test %></td>
  app/views/tests/index.html.erb:14:in `_app_views_tests_index_html_erb__4278217600819741335_32137060'


I, [2014-02-05T01:50:55.527541 #1406]  INFO -- : Started GET "/tests" for 190.53.48.241 at 2014-02-05 01:50:55 +0000
I, [2014-02-05T01:50:55.531095 #1406]  INFO -- : Processing by TestsController#index as HTML
E, [2014-02-05T01:50:55.535634 #1406] ERROR -- : SQLite3::SQLException: no such table: tests: SELECT "tests".* FROM "tests"
I, [2014-02-05T01:50:55.536974 #1406]  INFO -- :   Rendered tests/index.html.erb within layouts/application (3.4ms)
I, [2014-02-05T01:50:55.537335 #1406]  INFO -- : Completed 500 Internal Server Error in 6ms
F, [2014-02-05T01:50:55.541977 #1406] FATAL -- : 
ActionView::Template::Error (SQLite3::SQLException: no such table: tests: SELECT "tests".* FROM "tests"):
    11:   </thead>
    12: 
    13:   <tbody>
    14:     <% @tests.each do |test| %>
    15:       <tr>
    16:         <td><%= test.num %></td>
    17:         <td><%= link_to 'Show', test %></td>
  app/views/tests/index.html.erb:14:in `_app_views_tests_index_html_erb__4278217600819741335_32056480'


I, [2014-02-05T01:51:40.808758 #1613]  INFO -- : Migrating to CreateTests (20140205014929)
I, [2014-02-05T01:51:45.889482 #1409]  INFO -- : Started GET "/tests" for 190.53.48.241 at 2014-02-05 01:51:45 +0000
I, [2014-02-05T01:51:45.893172 #1409]  INFO -- : Processing by TestsController#index as HTML
I, [2014-02-05T01:51:45.897604 #1409]  INFO -- :   Rendered tests/index.html.erb within layouts/application (2.2ms)
I, [2014-02-05T01:51:45.900395 #1409]  INFO -- : Completed 200 OK in 7ms (Views: 4.7ms | ActiveRecord: 0.7ms)
I, [2014-02-05T01:51:48.655097 #1406]  INFO -- : Started GET "/tests/new" for 190.53.48.241 at 2014-02-05 01:51:48 +0000
I, [2014-02-05T01:51:48.657038 #1406]  INFO -- : Processing by TestsController#new as HTML
I, [2014-02-05T01:51:48.658785 #1406]  INFO -- : Completed 500 Internal Server Error in 2ms
F, [2014-02-05T01:51:48.661455 #1406] FATAL -- : 
ActiveRecord::StatementInvalid (Could not find table 'tests'):
  app/controllers/tests_controller.rb:17:in `new'


I, [2014-02-05T01:51:51.312363 #1409]  INFO -- : Started GET "/tests/new" for 190.53.48.241 at 2014-02-05 01:51:51 +0000
I, [2014-02-05T01:51:51.314873 #1409]  INFO -- : Processing by TestsController#new as HTML
I, [2014-02-05T01:51:51.387188 #1409]  INFO -- :   Rendered tests/_form.html.erb (66.4ms)
I, [2014-02-05T01:51:51.387722 #1409]  INFO -- :   Rendered tests/new.html.erb within layouts/application (68.6ms)
I, [2014-02-05T01:51:51.388979 #1409]  INFO -- : Completed 200 OK in 74ms (Views: 71.0ms | ActiveRecord: 0.6ms)
I, [2014-02-05T01:51:54.211479 #1406]  INFO -- : Started POST "/tests" for 190.53.48.241 at 2014-02-05 01:51:54 +0000
I, [2014-02-05T01:51:54.213733 #1406]  INFO -- : Processing by TestsController#create as HTML
I, [2014-02-05T01:51:54.213887 #1406]  INFO -- :   Parameters: {"utf8"=>"", "authenticity_token"=>"xXOw/kc3W16uwaRtpkObEO4BVsGljs3LRNRgUuZD4t0=", "test"=>{"num"=>"43"}, "commit"=>"Create Test"}
I, [2014-02-05T01:51:54.215860 #1406]  INFO -- : Completed 500 Internal Server Error in 2ms
F, [2014-02-05T01:51:54.218704 #1406] FATAL -- : 
ActiveRecord::StatementInvalid (Could not find table 'tests'):
  app/controllers/tests_controller.rb:27:in `create'


I, [2014-02-05T01:51:57.427161 #1409]  INFO -- : Started GET "/" for 190.53.48.241 at 2014-02-05 01:51:57 +0000
I, [2014-02-05T01:51:57.429920 #1409]  INFO -- : Processing by HomeController#index as HTML
I, [2014-02-05T01:51:57.434123 #1409]  INFO -- :   Rendered home/index.html.erb within layouts/application (0.8ms)
I, [2014-02-05T01:51:57.435891 #1409]  INFO -- : Completed 200 OK in 6ms (Views: 4.2ms | ActiveRecord: 0.0ms)
I, [2014-02-05T01:51:57.650726 #1406]  INFO -- : Started GET "/assets/rails.png" for 190.53.48.241 at 2014-02-05 01:51:57 +0000
I, [2014-02-05T01:52:12.680955 #1409]  INFO -- : Started GET "/tests" for 190.53.48.241 at 2014-02-05 01:52:12 +0000
I, [2014-02-05T01:52:12.686186 #1409]  INFO -- : Processing by TestsController#index as HTML
I, [2014-02-05T01:52:12.693610 #1409]  INFO -- :   Rendered tests/index.html.erb within layouts/application (3.5ms)
I, [2014-02-05T01:52:12.695530 #1409]  INFO -- : Completed 200 OK in 9ms (Views: 6.0ms | ActiveRecord: 0.6ms)
I, [2014-02-05T01:52:12.746052 #1406]  INFO -- : Started GET "/tests" for 190.53.48.241 at 2014-02-05 01:52:12 +0000
I, [2014-02-05T01:52:12.750267 #1406]  INFO -- : Processing by TestsController#index as HTML
I, [2014-02-05T01:52:12.758330 #1406]  INFO -- :   Rendered tests/index.html.erb within layouts/application (3.7ms)
I, [2014-02-05T01:52:12.762142 #1406]  INFO -- : Completed 200 OK in 12ms (Views: 7.8ms | ActiveRecord: 1.0ms)
I, [2014-02-05T01:52:14.976316 #1409]  INFO -- : Started GET "/tests/new" for 190.53.48.241 at 2014-02-05 01:52:14 +0000
I, [2014-02-05T01:52:14.978162 #1409]  INFO -- : Processing by TestsController#new as HTML
I, [2014-02-05T01:52:14.985943 #1409]  INFO -- :   Rendered tests/_form.html.erb (5.3ms)
I, [2014-02-05T01:52:14.986367 #1409]  INFO -- :   Rendered tests/new.html.erb within layouts/application (6.1ms)
I, [2014-02-05T01:52:14.987441 #1409]  INFO -- : Completed 200 OK in 9ms (Views: 7.6ms | ActiveRecord: 0.0ms)
I, [2014-02-05T01:52:16.458747 #1406]  INFO -- : Started POST "/tests" for 190.53.48.241 at 2014-02-05 01:52:16 +0000
I, [2014-02-05T01:52:16.462104 #1406]  INFO -- : Processing by TestsController#create as HTML
I, [2014-02-05T01:52:16.462279 #1406]  INFO -- :   Parameters: {"utf8"=>"", "authenticity_token"=>"xXOw/kc3W16uwaRtpkObEO4BVsGljs3LRNRgUuZD4t0=", "test"=>{"num"=>"43"}, "commit"=>"Create Test"}
I, [2014-02-05T01:52:16.496426 #1406]  INFO -- : Redirected to http://95.85.24.114/tests/1
I, [2014-02-05T01:52:16.496803 #1406]  INFO -- : Completed 302 Found in 34ms (ActiveRecord: 16.1ms)
I, [2014-02-05T01:52:16.695248 #1409]  INFO -- : Started GET "/tests/1" for 190.53.48.241 at 2014-02-05 01:52:16 +0000
I, [2014-02-05T01:52:16.696499 #1409]  INFO -- : Processing by TestsController#show as HTML
I, [2014-02-05T01:52:16.696570 #1409]  INFO -- :   Parameters: {"id"=>"1"}
I, [2014-02-05T01:52:16.706784 #1409]  INFO -- :   Rendered tests/show.html.erb within layouts/application (1.7ms)
I, [2014-02-05T01:52:16.707819 #1409]  INFO -- : Completed 200 OK in 11ms (Views: 3.8ms | ActiveRecord: 0.5ms)
I, [2014-02-05T01:52:18.264646 #1406]  INFO -- : Started GET "/tests" for 190.53.48.241 at 2014-02-05 01:52:18 +0000
I, [2014-02-05T01:52:18.266344 #1406]  INFO -- : Processing by TestsController#index as HTML
I, [2014-02-05T01:52:18.271701 #1406]  INFO -- :   Rendered tests/index.html.erb within layouts/application (3.3ms)
I, [2014-02-05T01:52:18.273215 #1406]  INFO -- : Completed 200 OK in 6ms (Views: 4.9ms | ActiveRecord: 0.3ms)
I, [2014-02-05T01:52:20.084363 #1409]  INFO -- : Started GET "/tests/new" for 190.53.48.241 at 2014-02-05 01:52:20 +0000
I, [2014-02-05T01:52:20.085919 #1409]  INFO -- : Processing by TestsController#new as HTML
I, [2014-02-05T01:52:20.089809 #1409]  INFO -- :   Rendered tests/_form.html.erb (2.2ms)
I, [2014-02-05T01:52:20.090130 #1409]  INFO -- :   Rendered tests/new.html.erb within layouts/application (2.7ms)
I, [2014-02-05T01:52:20.090873 #1409]  INFO -- : Completed 200 OK in 5ms (Views: 3.8ms | ActiveRecord: 0.0ms)
I, [2014-02-05T01:52:21.356344 #1406]  INFO -- : Started POST "/tests" for 190.53.48.241 at 2014-02-05 01:52:21 +0000
I, [2014-02-05T01:52:21.358642 #1406]  INFO -- : Processing by TestsController#create as HTML
I, [2014-02-05T01:52:21.358759 #1406]  INFO -- :   Parameters: {"utf8"=>"", "authenticity_token"=>"xXOw/kc3W16uwaRtpkObEO4BVsGljs3LRNRgUuZD4t0=", "test"=>{"num"=>"25"}, "commit"=>"Create Test"}
I, [2014-02-05T01:52:21.368570 #1406]  INFO -- : Redirected to http://95.85.24.114/tests/2
I, [2014-02-05T01:52:21.368861 #1406]  INFO -- : Completed 302 Found in 10ms (ActiveRecord: 5.5ms)
I, [2014-02-05T01:52:21.572382 #1409]  INFO -- : Started GET "/tests/2" for 190.53.48.241 at 2014-02-05 01:52:21 +0000
I, [2014-02-05T01:52:21.574112 #1409]  INFO -- : Processing by TestsController#show as HTML
I, [2014-02-05T01:52:21.574207 #1409]  INFO -- :   Parameters: {"id"=>"2"}
I, [2014-02-05T01:52:21.578186 #1409]  INFO -- :   Rendered tests/show.html.erb within layouts/application (0.7ms)
I, [2014-02-05T01:52:21.579320 #1409]  INFO -- : Completed 200 OK in 5ms (Views: 2.2ms | ActiveRecord: 0.3ms)
I, [2014-02-05T01:52:22.877573 #1406]  INFO -- : Started GET "/tests" for 190.53.48.241 at 2014-02-05 01:52:22 +0000
I, [2014-02-05T01:52:22.879266 #1406]  INFO -- : Processing by TestsController#index as HTML
I, [2014-02-05T01:52:22.884400 #1406]  INFO -- :   Rendered tests/index.html.erb within layouts/application (3.2ms)
I, [2014-02-05T01:52:22.885521 #1406]  INFO -- : Completed 200 OK in 6ms (Views: 4.7ms | ActiveRecord: 0.3ms)
I, [2014-02-05T01:57:42.557205 #1409]  INFO -- : Started GET "/tests" for 190.53.48.241 at 2014-02-05 01:57:42 +0000
I, [2014-02-05T01:57:42.565495 #1409]  INFO -- : Processing by TestsController#index as HTML
I, [2014-02-05T01:57:42.579409 #1409]  INFO -- :   Rendered tests/index.html.erb within layouts/application (8.1ms)
I, [2014-02-05T01:57:42.581005 #1409]  INFO -- : Completed 200 OK in 15ms (Views: 8.7ms | ActiveRecord: 3.0ms)
I, [2014-02-05T01:57:52.183546 #1406]  INFO -- : Started GET "/tests" for 190.53.48.241 at 2014-02-05 01:57:52 +0000
I, [2014-02-05T01:57:52.188910 #1406]  INFO -- : Processing by TestsController#index as HTML
I, [2014-02-05T01:57:52.198808 #1406]  INFO -- :   Rendered tests/index.html.erb within layouts/application (5.8ms)
I, [2014-02-05T01:57:52.200764 #1406]  INFO -- : Completed 200 OK in 12ms (Views: 8.1ms | ActiveRecord: 0.8ms)
I, [2014-02-05T01:57:53.966477 #1409]  INFO -- : Started GET "/tests/new" for 190.53.48.241 at 2014-02-05 01:57:53 +0000
I, [2014-02-05T01:57:53.968117 #1409]  INFO -- : Processing by TestsController#new as HTML
I, [2014-02-05T01:57:53.974428 #1409]  INFO -- :   Rendered tests/_form.html.erb (4.4ms)
I, [2014-02-05T01:57:53.974805 #1409]  INFO -- :   Rendered tests/new.html.erb within layouts/application (5.1ms)
I, [2014-02-05T01:57:53.975750 #1409]  INFO -- : Completed 200 OK in 7ms (Views: 6.4ms | ActiveRecord: 0.0ms)
I, [2014-02-05T01:57:55.841414 #1406]  INFO -- : Started POST "/tests" for 190.53.48.241 at 2014-02-05 01:57:55 +0000
I, [2014-02-05T01:57:55.842714 #1406]  INFO -- : Processing by TestsController#create as HTML
I, [2014-02-05T01:57:55.842813 #1406]  INFO -- :   Parameters: {"utf8"=>"", "authenticity_token"=>"xXOw/kc3W16uwaRtpkObEO4BVsGljs3LRNRgUuZD4t0=", "test"=>{"num"=>"53"}, "commit"=>"Create Test"}
I, [2014-02-05T01:57:55.851948 #1406]  INFO -- : Redirected to http://95.85.24.114/tests/3
I, [2014-02-05T01:57:55.852244 #1406]  INFO -- : Completed 302 Found in 9ms (ActiveRecord: 4.4ms)
I, [2014-02-05T01:57:56.036341 #1409]  INFO -- : Started GET "/tests/3" for 190.53.48.241 at 2014-02-05 01:57:56 +0000
I, [2014-02-05T01:57:56.037856 #1409]  INFO -- : Processing by TestsController#show as HTML
I, [2014-02-05T01:57:56.038204 #1409]  INFO -- :   Parameters: {"id"=>"3"}
I, [2014-02-05T01:57:56.042058 #1409]  INFO -- :   Rendered tests/show.html.erb within layouts/application (0.7ms)
I, [2014-02-05T01:57:56.043100 #1409]  INFO -- : Completed 200 OK in 5ms (Views: 2.1ms | ActiveRecord: 0.3ms)
I, [2014-02-05T01:57:57.069417 #1406]  INFO -- : Started GET "/tests" for 190.53.48.241 at 2014-02-05 01:57:57 +0000
I, [2014-02-05T01:57:57.070717 #1406]  INFO -- : Processing by TestsController#index as HTML
I, [2014-02-05T01:57:57.075871 #1406]  INFO -- :   Rendered tests/index.html.erb within layouts/application (3.7ms)
I, [2014-02-05T01:57:57.076924 #1406]  INFO -- : Completed 200 OK in 6ms (Views: 4.8ms | ActiveRecord: 0.4ms)
I, [2014-02-05T01:58:11.865068 #1409]  INFO -- : Started GET "/" for 190.53.48.241 at 2014-02-05 01:58:11 +0000
I, [2014-02-05T01:58:11.868018 #1409]  INFO -- : Processing by HomeController#index as HTML
I, [2014-02-05T01:58:11.869961 #1409]  INFO -- :   Rendered home/index.html.erb within layouts/application (0.3ms)
I, [2014-02-05T01:58:11.871224 #1409]  INFO -- : Completed 200 OK in 3ms (Views: 2.1ms | ActiveRecord: 0.0ms)
I, [2014-02-05T01:58:12.050193 #1406]  INFO -- : Started GET "/assets/rails.png" for 190.53.48.241 at 2014-02-05 01:58:12 +0000
I, [2014-02-05T01:58:16.391860 #1406]  INFO -- : Started GET "/tests" for 190.53.48.241 at 2014-02-05 01:58:16 +0000
I, [2014-02-05T01:58:16.393656 #1406]  INFO -- : Processing by TestsController#index as HTML
I, [2014-02-05T01:58:16.399414 #1406]  INFO -- :   Rendered tests/index.html.erb within layouts/application (3.9ms)
I, [2014-02-05T01:58:16.400632 #1406]  INFO -- : Completed 200 OK in 7ms (Views: 5.3ms | ActiveRecord: 0.4ms)
I, [2014-02-05T01:58:18.155117 #1409]  INFO -- : Started GET "/tests/new" for 190.53.48.241 at 2014-02-05 01:58:18 +0000
I, [2014-02-05T01:58:18.157090 #1409]  INFO -- : Processing by TestsController#new as HTML
I, [2014-02-05T01:58:18.162079 #1409]  INFO -- :   Rendered tests/_form.html.erb (2.9ms)
I, [2014-02-05T01:58:18.162432 #1409]  INFO -- :   Rendered tests/new.html.erb within layouts/application (3.5ms)
I, [2014-02-05T01:58:18.163672 #1409]  INFO -- : Completed 200 OK in 6ms (Views: 5.3ms | ActiveRecord: 0.0ms)
I, [2014-02-05T01:58:20.073362 #1406]  INFO -- : Started POST "/tests" for 190.53.48.241 at 2014-02-05 01:58:20 +0000
I, [2014-02-05T01:58:20.075205 #1406]  INFO -- : Processing by TestsController#create as HTML
I, [2014-02-05T01:58:20.075341 #1406]  INFO -- :   Parameters: {"utf8"=>"", "authenticity_token"=>"PxPXEJ8GtZtSRnwFjjWDqC/of4BrIKmysVKUUZ+vHE0=", "test"=>{"num"=>"24"}, "commit"=>"Create Test"}
I, [2014-02-05T01:58:20.086401 #1406]  INFO -- : Redirected to http://www.dogefun.com/tests/4
I, [2014-02-05T01:58:20.086752 #1406]  INFO -- : Completed 302 Found in 11ms (ActiveRecord: 7.3ms)
I, [2014-02-05T01:58:20.243086 #1409]  INFO -- : Started GET "/tests/4" for 190.53.48.241 at 2014-02-05 01:58:20 +0000
I, [2014-02-05T01:58:20.244771 #1409]  INFO -- : Processing by TestsController#show as HTML
I, [2014-02-05T01:58:20.244894 #1409]  INFO -- :   Parameters: {"id"=>"4"}
I, [2014-02-05T01:58:20.248806 #1409]  INFO -- :   Rendered tests/show.html.erb within layouts/application (0.8ms)
I, [2014-02-05T01:58:20.250084 #1409]  INFO -- : Completed 200 OK in 5ms (Views: 2.5ms | ActiveRecord: 0.4ms)
I, [2014-02-05T02:00:35.426156 #1752]  INFO -- : Started GET "/" for 190.53.48.241 at 2014-02-05 02:00:35 +0000
I, [2014-02-05T02:00:35.440478 #1752]  INFO -- : Processing by HomeController#index as HTML
I, [2014-02-05T02:00:35.486466 #1752]  INFO -- :   Rendered home/index.html.erb within layouts/application (1.3ms)
I, [2014-02-05T02:00:35.489554 #1752]  INFO -- : Completed 200 OK in 49ms (Views: 8.2ms | ActiveRecord: 0.0ms)
I, [2014-02-05T02:00:35.701009 #1755]  INFO -- : Started GET "/assets/rails.png" for 190.53.48.241 at 2014-02-05 02:00:35 +0000
I, [2014-02-05T02:00:39.779792 #1752]  INFO -- : Started GET "/tests" for 190.53.48.241 at 2014-02-05 02:00:39 +0000
I, [2014-02-05T02:00:39.782913 #1752]  INFO -- : Processing by TestsController#index as HTML
I, [2014-02-05T02:00:39.804700 #1752]  INFO -- :   Rendered tests/index.html.erb within layouts/application (16.8ms)
I, [2014-02-05T02:00:39.806219 #1752]  INFO -- : Completed 200 OK in 23ms (Views: 19.4ms | ActiveRecord: 1.3ms)
I, [2014-02-05T02:00:41.970896 #1755]  INFO -- : Started GET "/tests/new" for 190.53.48.241 at 2014-02-05 02:00:41 +0000
I, [2014-02-05T02:00:41.975075 #1755]  INFO -- : Processing by TestsController#new as HTML
I, [2014-02-05T02:00:42.100302 #1755]  INFO -- :   Rendered tests/_form.html.erb (75.7ms)
I, [2014-02-05T02:00:42.100905 #1755]  INFO -- :   Rendered tests/new.html.erb within layouts/application (78.4ms)
I, [2014-02-05T02:00:42.103365 #1755]  INFO -- : Completed 200 OK in 128ms (Views: 83.4ms | ActiveRecord: 1.2ms)
I, [2014-02-05T02:00:43.662124 #1752]  INFO -- : Started POST "/tests" for 190.53.48.241 at 2014-02-05 02:00:43 +0000
I, [2014-02-05T02:00:43.665390 #1752]  INFO -- : Processing by TestsController#create as HTML
I, [2014-02-05T02:00:43.665527 #1752]  INFO -- :   Parameters: {"utf8"=>"", "authenticity_token"=>"PxPXEJ8GtZtSRnwFjjWDqC/of4BrIKmysVKUUZ+vHE0=", "test"=>{"num"=>"53"}, "commit"=>"Create Test"}
I, [2014-02-05T02:00:43.688099 #1752]  INFO -- : Redirected to http://www.dogefun.com/tests/5
I, [2014-02-05T02:00:43.688509 #1752]  INFO -- : Completed 302 Found in 23ms (ActiveRecord: 15.1ms)
I, [2014-02-05T02:00:46.697192 #1755]  INFO -- : Started GET "/tests/5" for 190.53.48.241 at 2014-02-05 02:00:46 +0000
I, [2014-02-05T02:00:46.700200 #1755]  INFO -- : Processing by TestsController#show as HTML
I, [2014-02-05T02:00:46.700300 #1755]  INFO -- :   Parameters: {"id"=>"5"}
I, [2014-02-05T02:00:46.708433 #1755]  INFO -- :   Rendered tests/show.html.erb within layouts/application (1.7ms)
I, [2014-02-05T02:00:46.709699 #1755]  INFO -- : Completed 200 OK in 9ms (Views: 4.4ms | ActiveRecord: 0.4ms)
I, [2014-02-05T02:00:48.733672 #1752]  INFO -- : Started GET "/tests" for 190.53.48.241 at 2014-02-05 02:00:48 +0000
I, [2014-02-05T02:00:48.736763 #1752]  INFO -- : Processing by TestsController#index as HTML
I, [2014-02-05T02:00:48.744482 #1752]  INFO -- :   Rendered tests/index.html.erb within layouts/application (5.7ms)
I, [2014-02-05T02:00:48.745807 #1752]  INFO -- : Completed 200 OK in 9ms (Views: 7.3ms | ActiveRecord: 0.3ms)
I, [2014-02-05T02:01:07.134700 #1755]  INFO -- : Started POST "/" for 190.53.48.241 at 2014-02-05 02:01:07 +0000
F, [2014-02-05T02:01:07.138778 #1755] FATAL -- : 
ActionController::RoutingError (No route matches [POST] "/"):
  actionpack (4.0.2) lib/action_dispatch/middleware/debug_exceptions.rb:21:in `call'
  actionpack (4.0.2) lib/action_dispatch/middleware/show_exceptions.rb:30:in `call'
  railties (4.0.2) lib/rails/rack/logger.rb:38:in `call_app'
  railties (4.0.2) lib/rails/rack/logger.rb:20:in `block in call'
  activesupport (4.0.2) lib/active_support/tagged_logging.rb:67:in `block in tagged'
  activesupport (4.0.2) lib/active_support/tagged_logging.rb:25:in `tagged'
  activesupport (4.0.2) lib/active_support/tagged_logging.rb:67:in `tagged'
  railties (4.0.2) lib/rails/rack/logger.rb:20:in `call'
  actionpack (4.0.2) lib/action_dispatch/middleware/request_id.rb:21:in `call'
  rack (1.5.2) lib/rack/methodoverride.rb:21:in `call'
  rack (1.5.2) lib/rack/runtime.rb:17:in `call'
  activesupport (4.0.2) lib/active_support/cache/strategy/local_cache.rb:83:in `call'
  rack (1.5.2) lib/rack/sendfile.rb:112:in `call'
  railties (4.0.2) lib/rails/engine.rb:511:in `call'
  railties (4.0.2) lib/rails/application.rb:97:in `call'
  unicorn (4.7.0) lib/unicorn/http_server.rb:580:in `process_client'
  unicorn (4.7.0) lib/unicorn/http_server.rb:660:in `worker_loop'
  unicorn (4.7.0) lib/unicorn/http_server.rb:527:in `spawn_missing_workers'
  unicorn (4.7.0) lib/unicorn/http_server.rb:153:in `start'
  unicorn (4.7.0) bin/unicorn:126:in `<top (required)>'
  /usr/local/rvm/gems/ruby-2.0.0-p353/bin/unicorn:23:in `load'
  /usr/local/rvm/gems/ruby-2.0.0-p353/bin/unicorn:23:in `<main>'
  /usr/local/rvm/gems/ruby-2.0.0-p353/bin/ruby_executable_hooks:15:in `eval'
  /usr/local/rvm/gems/ruby-2.0.0-p353/bin/ruby_executable_hooks:15:in `<main>'


I, [2014-02-05T02:02:08.601435 #1752]  INFO -- : Started POST "/" for 190.53.48.241 at 2014-02-05 02:02:08 +0000
F, [2014-02-05T02:02:08.604837 #1752] FATAL -- : 
ActionController::RoutingError (No route matches [POST] "/"):
  actionpack (4.0.2) lib/action_dispatch/middleware/debug_exceptions.rb:21:in `call'
  actionpack (4.0.2) lib/action_dispatch/middleware/show_exceptions.rb:30:in `call'
  railties (4.0.2) lib/rails/rack/logger.rb:38:in `call_app'
  railties (4.0.2) lib/rails/rack/logger.rb:20:in `block in call'
  activesupport (4.0.2) lib/active_support/tagged_logging.rb:67:in `block in tagged'
  activesupport (4.0.2) lib/active_support/tagged_logging.rb:25:in `tagged'
  activesupport (4.0.2) lib/active_support/tagged_logging.rb:67:in `tagged'
  railties (4.0.2) lib/rails/rack/logger.rb:20:in `call'
  actionpack (4.0.2) lib/action_dispatch/middleware/request_id.rb:21:in `call'
  rack (1.5.2) lib/rack/methodoverride.rb:21:in `call'
  rack (1.5.2) lib/rack/runtime.rb:17:in `call'
  activesupport (4.0.2) lib/active_support/cache/strategy/local_cache.rb:83:in `call'
  rack (1.5.2) lib/rack/sendfile.rb:112:in `call'
  railties (4.0.2) lib/rails/engine.rb:511:in `call'
  railties (4.0.2) lib/rails/application.rb:97:in `call'
  unicorn (4.7.0) lib/unicorn/http_server.rb:580:in `process_client'
  unicorn (4.7.0) lib/unicorn/http_server.rb:660:in `worker_loop'
  unicorn (4.7.0) lib/unicorn/http_server.rb:527:in `spawn_missing_workers'
  unicorn (4.7.0) lib/unicorn/http_server.rb:153:in `start'
  unicorn (4.7.0) bin/unicorn:126:in `<top (required)>'
  /usr/local/rvm/gems/ruby-2.0.0-p353/bin/unicorn:23:in `load'
  /usr/local/rvm/gems/ruby-2.0.0-p353/bin/unicorn:23:in `<main>'
  /usr/local/rvm/gems/ruby-2.0.0-p353/bin/ruby_executable_hooks:15:in `eval'
  /usr/local/rvm/gems/ruby-2.0.0-p353/bin/ruby_executable_hooks:15:in `<main>'


I, [2014-02-05T02:02:27.074591 #1755]  INFO -- : Started POST "/" for 190.53.48.241 at 2014-02-05 02:02:27 +0000
F, [2014-02-05T02:02:27.077365 #1755] FATAL -- : 
ActionController::RoutingError (No route matches [POST] "/"):
  actionpack (4.0.2) lib/action_dispatch/middleware/debug_exceptions.rb:21:in `call'
  actionpack (4.0.2) lib/action_dispatch/middleware/show_exceptions.rb:30:in `call'
  railties (4.0.2) lib/rails/rack/logger.rb:38:in `call_app'
  railties (4.0.2) lib/rails/rack/logger.rb:20:in `block in call'
  activesupport (4.0.2) lib/active_support/tagged_logging.rb:67:in `block in tagged'
  activesupport (4.0.2) lib/active_support/tagged_logging.rb:25:in `tagged'
  activesupport (4.0.2) lib/active_support/tagged_logging.rb:67:in `tagged'
  railties (4.0.2) lib/rails/rack/logger.rb:20:in `call'
  actionpack (4.0.2) lib/action_dispatch/middleware/request_id.rb:21:in `call'
  rack (1.5.2) lib/rack/methodoverride.rb:21:in `call'
  rack (1.5.2) lib/rack/runtime.rb:17:in `call'
  activesupport (4.0.2) lib/active_support/cache/strategy/local_cache.rb:83:in `call'
  rack (1.5.2) lib/rack/sendfile.rb:112:in `call'
  railties (4.0.2) lib/rails/engine.rb:511:in `call'
  railties (4.0.2) lib/rails/application.rb:97:in `call'
  unicorn (4.7.0) lib/unicorn/http_server.rb:580:in `process_client'
  unicorn (4.7.0) lib/unicorn/http_server.rb:660:in `worker_loop'
  unicorn (4.7.0) lib/unicorn/http_server.rb:527:in `spawn_missing_workers'
  unicorn (4.7.0) lib/unicorn/http_server.rb:153:in `start'
  unicorn (4.7.0) bin/unicorn:126:in `<top (required)>'
  /usr/local/rvm/gems/ruby-2.0.0-p353/bin/unicorn:23:in `load'
  /usr/local/rvm/gems/ruby-2.0.0-p353/bin/unicorn:23:in `<main>'
  /usr/local/rvm/gems/ruby-2.0.0-p353/bin/ruby_executable_hooks:15:in `eval'
  /usr/local/rvm/gems/ruby-2.0.0-p353/bin/ruby_executable_hooks:15:in `<main>'


I, [2014-02-05T02:02:46.283930 #1752]  INFO -- : Started GET "/" for 190.53.48.241 at 2014-02-05 02:02:46 +0000
I, [2014-02-05T02:02:46.287090 #1752]  INFO -- : Processing by HomeController#index as HTML
I, [2014-02-05T02:02:46.289140 #1752]  INFO -- :   Rendered home/index.html.erb within layouts/application (0.2ms)
I, [2014-02-05T02:02:46.290692 #1752]  INFO -- : Completed 200 OK in 3ms (Views: 2.2ms | ActiveRecord: 0.0ms)
I, [2014-02-05T02:02:46.503571 #1755]  INFO -- : Started GET "/assets/rails.png" for 190.53.48.241 at 2014-02-05 02:02:46 +0000
I, [2014-02-05T02:09:31.164166 #1755]  INFO -- : Started GET "/" for 190.53.48.241 at 2014-02-05 02:09:31 +0000
I, [2014-02-05T02:09:31.173425 #1755]  INFO -- : Processing by HomeController#index as HTML
I, [2014-02-05T02:09:31.181638 #1755]  INFO -- :   Rendered home/index.html.erb within layouts/application (1.7ms)
I, [2014-02-05T02:09:31.183523 #1755]  INFO -- : Completed 200 OK in 10ms (Views: 6.5ms | ActiveRecord: 0.0ms)
I, [2014-02-05T02:09:31.436998 #1752]  INFO -- : Started GET "/assets/rails.png" for 190.53.48.241 at 2014-02-05 02:09:31 +0000
I, [2014-02-05T02:09:39.363632 #1755]  INFO -- : Started GET "/tests" for 190.53.48.241 at 2014-02-05 02:09:39 +0000
I, [2014-02-05T02:09:39.366178 #1755]  INFO -- : Processing by TestsController#index as HTML
I, [2014-02-05T02:09:39.379501 #1755]  INFO -- :   Rendered tests/index.html.erb within layouts/application (10.1ms)
I, [2014-02-05T02:09:39.381017 #1755]  INFO -- : Completed 200 OK in 15ms (Views: 11.8ms | ActiveRecord: 1.1ms)
I, [2014-02-05T02:09:59.069762 #2046]  INFO -- : Started GET "/tests" for 190.53.48.241 at 2014-02-05 02:09:59 +0000
I, [2014-02-05T02:09:59.082593 #2046]  INFO -- : Processing by TestsController#index as HTML
I, [2014-02-05T02:09:59.145004 #2046]  INFO -- :   Rendered tests/index.html.erb within layouts/application (17.4ms)
I, [2014-02-05T02:09:59.148071 #2046]  INFO -- : Completed 200 OK in 65ms (Views: 21.2ms | ActiveRecord: 1.7ms)
I, [2014-02-05T02:10:02.169994 #2043]  INFO -- : Started GET "/auth/facebook" for 190.53.48.241 at 2014-02-05 02:10:02 +0000
I, [2014-02-05T02:10:02.175592 #2043]  INFO -- : (facebook) Request phase initiated.
I, [2014-02-05T02:10:13.108941 #2046]  INFO -- : Started GET "/" for 190.53.48.241 at 2014-02-05 02:10:13 +0000
I, [2014-02-05T02:10:13.112129 #2046]  INFO -- : Processing by HomeController#index as HTML
I, [2014-02-05T02:10:13.115764 #2046]  INFO -- :   Rendered home/index.html.erb within layouts/application (0.8ms)
I, [2014-02-05T02:10:13.117395 #2046]  INFO -- : Completed 200 OK in 5ms (Views: 3.6ms | ActiveRecord: 0.0ms)
I, [2014-02-05T02:10:13.373763 #2043]  INFO -- : Started GET "/assets/rails.png" for 190.53.48.241 at 2014-02-05 02:10:13 +0000
I, [2014-02-05T02:10:15.463463 #2046]  INFO -- : Started GET "/auth/facebook" for 190.53.48.241 at 2014-02-05 02:10:15 +0000
I, [2014-02-05T02:10:15.464206 #2046]  INFO -- : (facebook) Request phase initiated.
I, [2014-02-05T02:10:41.953832 #2043]  INFO -- : Started GET "/" for 190.53.48.241 at 2014-02-05 02:10:41 +0000
I, [2014-02-05T02:10:41.958109 #2043]  INFO -- : Processing by HomeController#index as HTML
I, [2014-02-05T02:10:41.964151 #2043]  INFO -- :   Rendered home/index.html.erb within layouts/application (1.2ms)
I, [2014-02-05T02:10:41.967357 #2043]  INFO -- : Completed 200 OK in 9ms (Views: 6.9ms | ActiveRecord: 0.0ms)
I, [2014-02-05T02:10:43.325532 #2046]  INFO -- : Started GET "/assets/rails.png" for 190.53.48.241 at 2014-02-05 02:10:43 +0000
I, [2014-02-05T02:10:45.100422 #2043]  INFO -- : Started GET "/auth/facebook" for 190.53.48.241 at 2014-02-05 02:10:45 +0000
I, [2014-02-05T02:10:45.101302 #2043]  INFO -- : (facebook) Request phase initiated.
I, [2014-02-05T02:12:59.693299 #2046]  INFO -- : Started GET "/" for 190.53.48.241 at 2014-02-05 02:12:59 +0000
I, [2014-02-05T02:12:59.696422 #2046]  INFO -- : Processing by HomeController#index as HTML
I, [2014-02-05T02:12:59.698512 #2046]  INFO -- :   Rendered home/index.html.erb within layouts/application (0.2ms)
I, [2014-02-05T02:12:59.700107 #2046]  INFO -- : Completed 200 OK in 3ms (Views: 2.3ms | ActiveRecord: 0.0ms)
I, [2014-02-05T02:13:00.161687 #2043]  INFO -- : Started GET "/assets/rails.png" for 190.53.48.241 at 2014-02-05 02:13:00 +0000
I, [2014-02-05T02:13:01.661793 #2043]  INFO -- : Started GET "/auth/facebook" for 190.53.48.241 at 2014-02-05 02:13:01 +0000
I, [2014-02-05T02:13:01.662523 #2043]  INFO -- : (facebook) Request phase initiated.
I, [2014-02-05T02:15:23.589712 #2046]  INFO -- : Started GET "/" for 190.53.48.241 at 2014-02-05 02:15:23 +0000
I, [2014-02-05T02:15:23.591541 #2046]  INFO -- : Processing by HomeController#index as HTML
I, [2014-02-05T02:15:23.593002 #2046]  INFO -- :   Rendered home/index.html.erb within layouts/application (0.1ms)
I, [2014-02-05T02:15:23.594185 #2046]  INFO -- : Completed 200 OK in 2ms (Views: 1.6ms | ActiveRecord: 0.0ms)
I, [2014-02-05T02:15:23.910089 #2043]  INFO -- : Started GET "/assets/rails.png" for 190.53.48.241 at 2014-02-05 02:15:23 +0000
I, [2014-02-05T02:15:29.361228 #2043]  INFO -- : Started GET "/tests" for 190.53.48.241 at 2014-02-05 02:15:29 +0000
I, [2014-02-05T02:15:29.364847 #2043]  INFO -- : Processing by TestsController#index as HTML
I, [2014-02-05T02:15:29.387364 #2043]  INFO -- :   Rendered tests/index.html.erb within layouts/application (17.9ms)
I, [2014-02-05T02:15:29.389006 #2043]  INFO -- : Completed 200 OK in 24ms (Views: 19.9ms | ActiveRecord: 1.4ms)
I, [2014-02-05T02:15:31.173680 #2046]  INFO -- : Started GET "/tests/new" for 190.53.48.241 at 2014-02-05 02:15:31 +0000
I, [2014-02-05T02:15:31.176894 #2046]  INFO -- : Processing by TestsController#new as HTML
I, [2014-02-05T02:15:31.200170 #2046]  INFO -- :   Rendered tests/_form.html.erb (19.2ms)
I, [2014-02-05T02:15:31.200723 #2046]  INFO -- :   Rendered tests/new.html.erb within layouts/application (21.4ms)
I, [2014-02-05T02:15:31.202348 #2046]  INFO -- : Completed 200 OK in 25ms (Views: 23.9ms | ActiveRecord: 0.0ms)
I, [2014-02-05T02:15:32.890688 #2043]  INFO -- : Started POST "/tests" for 190.53.48.241 at 2014-02-05 02:15:32 +0000
I, [2014-02-05T02:15:32.894534 #2043]  INFO -- : Processing by TestsController#create as HTML
I, [2014-02-05T02:15:32.894818 #2043]  INFO -- :   Parameters: {"utf8"=>"", "authenticity_token"=>"PxPXEJ8GtZtSRnwFjjWDqC/of4BrIKmysVKUUZ+vHE0=", "test"=>{"num"=>"35"}, "commit"=>"Create Test"}
I, [2014-02-05T02:15:32.922262 #2043]  INFO -- : Redirected to http://www.dogefun.com/tests/6
I, [2014-02-05T02:15:32.922793 #2043]  INFO -- : Completed 302 Found in 28ms (ActiveRecord: 19.6ms)
I, [2014-02-05T02:15:33.470715 #2046]  INFO -- : Started GET "/tests/6" for 190.53.48.241 at 2014-02-05 02:15:33 +0000
I, [2014-02-05T02:15:33.473097 #2046]  INFO -- : Processing by TestsController#show as HTML
I, [2014-02-05T02:15:33.473213 #2046]  INFO -- :   Parameters: {"id"=>"6"}
I, [2014-02-05T02:15:33.480566 #2046]  INFO -- :   Rendered tests/show.html.erb within layouts/application (1.9ms)
I, [2014-02-05T02:15:33.482209 #2046]  INFO -- : Completed 200 OK in 9ms (Views: 4.6ms | ActiveRecord: 0.5ms)
I, [2014-02-05T02:15:34.980087 #2043]  INFO -- : Started GET "/auth/facebook" for 190.53.48.241 at 2014-02-05 02:15:34 +0000
I, [2014-02-05T02:15:34.980955 #2043]  INFO -- : (facebook) Request phase initiated.
I, [2014-02-05T02:15:44.332532 #2046]  INFO -- : Started POST "/" for 190.53.48.241 at 2014-02-05 02:15:44 +0000
I, [2014-02-05T02:15:44.335286 #2046]  INFO -- : Processing by HomeController#index as HTML
I, [2014-02-05T02:15:44.335414 #2046]  INFO -- :   Parameters: {"signed_request"=>"7l7POv-0Emm46JiDiL3jRfYX0MeosYb3ZfGrcs53nnc.eyJhbGdvcml0aG0iOiJITUFDLVNIQTI1NiIsImV4cGlyZXMiOjEzOTE1NzI4MDAsImlzc3VlZF9hdCI6MTM5MTU2NjU0MSwib2F1dGhfdG9rZW4iOiJDQUFDdzZnY1JZdFVCQVAxWkNXcWVUMlZ0ZXpwcHpIZU14aVZaQnVsWWtKdEdpeGhvY1lxZG1TNGJqMUJaQkxzY0lkZzlMbXFTeXFlVVFaQkhzc0dGOHNiOXdjYTZBOTZyVml5cFpDVUZKN2l0RmVqNDE0VVRZRmU0ZlF2QTVaQzZPbnk5Z0xFOWlIY29kZG5YSGZaQzlUQ0UwWHRaQkVSSFRlQU42elk2NGp6c0RaQlAzTkhZaVRuOWlVdFlBRGdhQlFaQWtaRCIsInVzZXIiOnsiY291bnRyeSI6ImhuIiwibG9jYWxlIjoiZXNfTEEiLCJhZ2UiOnsibWluIjoyMX19LCJ1c2VyX2lkIjoiMTAwMDAzNzg1MzQ5Mzg2In0", "fb_locale"=>"es_LA"}
W, [2014-02-05T02:15:44.336313 #2046]  WARN -- : Can't verify CSRF token authenticity
I, [2014-02-05T02:15:44.337551 #2046]  INFO -- :   Rendered home/index.html.erb within layouts/application (0.2ms)
I, [2014-02-05T02:15:44.339735 #2046]  INFO -- : Completed 200 OK in 4ms (Views: 2.9ms | ActiveRecord: 0.0ms)
I, [2014-02-05T02:17:23.299757 #2043]  INFO -- : Started GET "/" for 190.53.48.241 at 2014-02-05 02:17:23 +0000
I, [2014-02-05T02:17:23.303566 #2043]  INFO -- : Processing by HomeController#index as HTML
I, [2014-02-05T02:17:23.305869 #2043]  INFO -- :   Rendered home/index.html.erb within layouts/application (0.2ms)
I, [2014-02-05T02:17:23.307500 #2043]  INFO -- : Completed 200 OK in 4ms (Views: 2.6ms | ActiveRecord: 0.0ms)
I, [2014-02-05T02:17:23.705228 #2046]  INFO -- : Started GET "/assets/rails.png" for 190.53.48.241 at 2014-02-05 02:17:23 +0000
I, [2014-02-05T02:17:25.258315 #2043]  INFO -- : Started GET "/auth/facebook" for 190.53.48.241 at 2014-02-05 02:17:25 +0000
I, [2014-02-05T02:17:25.259377 #2043]  INFO -- : (facebook) Request phase initiated.
I, [2014-02-05T02:19:29.537317 #2046]  INFO -- : Started GET "/" for 190.53.48.241 at 2014-02-05 02:19:29 +0000
I, [2014-02-05T02:19:29.539310 #2046]  INFO -- : Processing by HomeController#index as HTML
I, [2014-02-05T02:19:29.540774 #2046]  INFO -- :   Rendered home/index.html.erb within layouts/application (0.1ms)
I, [2014-02-05T02:19:29.541823 #2046]  INFO -- : Completed 200 OK in 2ms (Views: 1.5ms | ActiveRecord: 0.0ms)
I, [2014-02-05T02:19:29.805293 #2043]  INFO -- : Started GET "/assets/rails.png" for 190.53.48.241 at 2014-02-05 02:19:29 +0000
I, [2014-02-05T02:19:31.375549 #2043]  INFO -- : Started GET "/auth/facebook" for 190.53.48.241 at 2014-02-05 02:19:31 +0000
I, [2014-02-05T02:19:31.376286 #2043]  INFO -- : (facebook) Request phase initiated.
I, [2014-02-05T02:21:00.408546 #2203]  INFO -- : Started GET "/" for 190.53.48.241 at 2014-02-05 02:21:00 +0000
I, [2014-02-05T02:21:00.421423 #2203]  INFO -- : Processing by HomeController#index as HTML
I, [2014-02-05T02:21:00.465920 #2203]  INFO -- :   Rendered home/index.html.erb within layouts/application (1.1ms)
I, [2014-02-05T02:21:00.468645 #2203]  INFO -- : Completed 200 OK in 47ms (Views: 6.3ms | ActiveRecord: 0.0ms)
I, [2014-02-05T02:21:00.736450 #2206]  INFO -- : Started GET "/assets/rails.png" for 190.53.48.241 at 2014-02-05 02:21:00 +0000
I, [2014-02-05T02:21:02.163890 #2203]  INFO -- : Started GET "/auth/facebook" for 190.53.48.241 at 2014-02-05 02:21:02 +0000
I, [2014-02-05T02:21:02.164926 #2203]  INFO -- : (facebook) Request phase initiated.
I, [2014-02-05T02:21:11.471405 #2206]  INFO -- : Started GET "/" for 190.53.48.241 at 2014-02-05 02:21:11 +0000
I, [2014-02-05T02:21:11.476151 #2206]  INFO -- : Processing by HomeController#index as HTML
I, [2014-02-05T02:21:11.524046 #2206]  INFO -- :   Rendered home/index.html.erb within layouts/application (2.0ms)
I, [2014-02-05T02:21:11.527418 #2206]  INFO -- : Completed 200 OK in 51ms (Views: 7.9ms | ActiveRecord: 0.0ms)
I, [2014-02-05T02:21:11.800673 #2203]  INFO -- : Started GET "/assets/rails.png" for 190.53.48.241 at 2014-02-05 02:21:11 +0000
I, [2014-02-05T02:21:15.724306 #2206]  INFO -- : Started GET "/" for 190.53.48.241 at 2014-02-05 02:21:15 +0000
I, [2014-02-05T02:21:15.727509 #2206]  INFO -- : Processing by HomeController#index as HTML
I, [2014-02-05T02:21:15.729246 #2206]  INFO -- :   Rendered home/index.html.erb within layouts/application (0.2ms)
I, [2014-02-05T02:21:15.730346 #2206]  INFO -- : Completed 200 OK in 3ms (Views: 1.7ms | ActiveRecord: 0.0ms)
I, [2014-02-05T02:21:16.123855 #2203]  INFO -- : Started GET "/assets/rails.png" for 190.53.48.241 at 2014-02-05 02:21:16 +0000
I, [2014-02-05T02:21:18.205857 #2203]  INFO -- : Started GET "/auth/facebook" for 190.53.48.241 at 2014-02-05 02:21:18 +0000
I, [2014-02-05T02:21:18.206704 #2203]  INFO -- : (facebook) Request phase initiated.
I, [2014-02-05T02:21:45.837090 #2206]  INFO -- : Started GET "/" for 190.53.48.241 at 2014-02-05 02:21:45 +0000
I, [2014-02-05T02:21:45.839048 #2206]  INFO -- : Processing by HomeController#index as HTML
I, [2014-02-05T02:21:45.840315 #2206]  INFO -- :   Rendered home/index.html.erb within layouts/application (0.1ms)
I, [2014-02-05T02:21:45.841535 #2206]  INFO -- : Completed 200 OK in 2ms (Views: 1.7ms | ActiveRecord: 0.0ms)
I, [2014-02-05T02:21:48.212847 #2203]  INFO -- : Started GET "/assets/rails.png" for 190.53.48.241 at 2014-02-05 02:21:48 +0000
I, [2014-02-05T02:21:50.109839 #2206]  INFO -- : Started GET "/auth/facebook" for 190.53.48.241 at 2014-02-05 02:21:50 +0000
I, [2014-02-05T02:21:50.110501 #2206]  INFO -- : (facebook) Request phase initiated.
I, [2014-02-05T02:25:28.998581 #2203]  INFO -- : Started GET "/auth/facebook" for 190.53.48.241 at 2014-02-05 02:25:28 +0000
I, [2014-02-05T02:25:28.999272 #2203]  INFO -- : (facebook) Request phase initiated.
I, [2014-02-05T02:27:03.581132 #2206]  INFO -- : Started GET "/" for 190.53.48.241 at 2014-02-05 02:27:03 +0000
I, [2014-02-05T02:27:03.584143 #2206]  INFO -- : Processing by HomeController#index as HTML
I, [2014-02-05T02:27:03.586306 #2206]  INFO -- :   Rendered home/index.html.erb within layouts/application (0.2ms)
I, [2014-02-05T02:27:03.588103 #2206]  INFO -- : Completed 200 OK in 4ms (Views: 2.3ms | ActiveRecord: 0.0ms)
I, [2014-02-05T02:27:05.563882 #2203]  INFO -- : Started GET "/auth/facebook" for 190.53.48.241 at 2014-02-05 02:27:05 +0000
I, [2014-02-05T02:27:05.564714 #2203]  INFO -- : (facebook) Request phase initiated.
I, [2014-02-05T02:27:07.252618 #2206]  INFO -- : Started GET "/auth/facebook/callback?code=AQDbQgaOLeqfK9CpulZhkhcEjtEHkRrxtjY53hmNKzMWeCA_r5xDIUeEfC7uF1AoYIbH0Qb_AIrc7XU8ixal_CfzuiWSLXR5mNU8xpavIiGC8B-8rWQsIuO30suICn8rL3v15eMw8OSCFbtM8ASCZCndvrEN0Zid51u8Gr_ncmAV6bbkudB8UL_IR37pPN5zQVAEIVQZhLrxvGvNIMAkiHm8yLqup7ETsvq9D6-Z8krtYQwwxj7VezAZ6GzgzE8fVGlAAyq8ZuQDO73AC6BE3pdI8aW2OShDMJL3w-aHDIy4FYxJaqQ22l-44qzRrTTYoQQ" for 190.53.48.241 at 2014-02-05 02:27:07 +0000
I, [2014-02-05T02:27:07.253491 #2206]  INFO -- : (facebook) Callback phase initiated.
I, [2014-02-05T02:27:07.594120 #2206]  INFO -- : Processing by SessionsController#create as HTML
I, [2014-02-05T02:27:07.594356 #2206]  INFO -- :   Parameters: {"code"=>"AQDbQgaOLeqfK9CpulZhkhcEjtEHkRrxtjY53hmNKzMWeCA_r5xDIUeEfC7uF1AoYIbH0Qb_AIrc7XU8ixal_CfzuiWSLXR5mNU8xpavIiGC8B-8rWQsIuO30suICn8rL3v15eMw8OSCFbtM8ASCZCndvrEN0Zid51u8Gr_ncmAV6bbkudB8UL_IR37pPN5zQVAEIVQZhLrxvGvNIMAkiHm8yLqup7ETsvq9D6-Z8krtYQwwxj7VezAZ6GzgzE8fVGlAAyq8ZuQDO73AC6BE3pdI8aW2OShDMJL3w-aHDIy4FYxJaqQ22l-44qzRrTTYoQQ", "provider"=>"facebook"}
E, [2014-02-05T02:27:07.602255 #2206] ERROR -- : SQLite3::SQLException: no such table: users: SELECT  "users".* FROM "users"  WHERE "users"."provider" = 'facebook' AND "users"."uid" = '100003785349386'  ORDER BY "users"."id" ASC LIMIT 1
I, [2014-02-05T02:27:07.603113 #2206]  INFO -- : Completed 500 Internal Server Error in 9ms
F, [2014-02-05T02:27:07.606470 #2206] FATAL -- : 
ActiveRecord::StatementInvalid (SQLite3::SQLException: no such table: users: SELECT  "users".* FROM "users"  WHERE "users"."provider" = 'facebook' AND "users"."uid" = '100003785349386'  ORDER BY "users"."id" ASC LIMIT 1):
  app/controllers/users_controller.rb:3:in `from_omniauth'
  app/controllers/sessions_controller.rb:3:in `create'


I, [2014-02-05T02:27:17.315399 #2203]  INFO -- : Started GET "/" for 190.53.48.241 at 2014-02-05 02:27:17 +0000
I, [2014-02-05T02:27:17.318326 #2203]  INFO -- : Processing by HomeController#index as HTML
I, [2014-02-05T02:27:17.320472 #2203]  INFO -- :   Rendered home/index.html.erb within layouts/application (0.2ms)
I, [2014-02-05T02:27:17.321761 #2203]  INFO -- : Completed 200 OK in 3ms (Views: 1.9ms | ActiveRecord: 0.0ms)
I, [2014-02-05T02:27:17.715852 #2206]  INFO -- : Started GET "/assets/rails.png" for 190.53.48.241 at 2014-02-05 02:27:17 +0000
I, [2014-02-05T02:27:19.273081 #2206]  INFO -- : Started GET "/auth/facebook" for 190.53.48.241 at 2014-02-05 02:27:19 +0000
I, [2014-02-05T02:27:19.273832 #2206]  INFO -- : (facebook) Request phase initiated.
I, [2014-02-05T02:27:20.234417 #2203]  INFO -- : Started GET "/auth/facebook/callback?code=AQAkXBFPDv_fKqoiQ1tqewBWKlqYnpPY8ia78flB-JeUFXQcd3x7m0nAHTkzy4tA9OTacM7HvwTsdIvPL9YOrxRLAgVQqfyeE1IeYzQq65DL0UAQjNc3CBeAKzg9KgyFh3mV7FvkpupuD3Gp_SJDpRLQPQG1YSrXmVSEzHxufTtfYAD16WtF0ERFgd7VeVYdJz2S36RkpOkC15xd-h5CsNj4JhX464sEE7_4IcGYh4hdZus6Aa1msxC96OEeLXoraEuyaZPW4A8aXNcMhrKsG4zfA6a558ohj55rRGF599zhUAkbv3x1f_Fq3A0-PKxnBhQ" for 190.53.48.241 at 2014-02-05 02:27:20 +0000
I, [2014-02-05T02:27:20.235211 #2203]  INFO -- : (facebook) Callback phase initiated.
I, [2014-02-05T02:27:20.987776 #2203]  INFO -- : Processing by SessionsController#create as HTML
I, [2014-02-05T02:27:20.987966 #2203]  INFO -- :   Parameters: {"code"=>"AQAkXBFPDv_fKqoiQ1tqewBWKlqYnpPY8ia78flB-JeUFXQcd3x7m0nAHTkzy4tA9OTacM7HvwTsdIvPL9YOrxRLAgVQqfyeE1IeYzQq65DL0UAQjNc3CBeAKzg9KgyFh3mV7FvkpupuD3Gp_SJDpRLQPQG1YSrXmVSEzHxufTtfYAD16WtF0ERFgd7VeVYdJz2S36RkpOkC15xd-h5CsNj4JhX464sEE7_4IcGYh4hdZus6Aa1msxC96OEeLXoraEuyaZPW4A8aXNcMhrKsG4zfA6a558ohj55rRGF599zhUAkbv3x1f_Fq3A0-PKxnBhQ", "provider"=>"facebook"}
E, [2014-02-05T02:27:20.994496 #2203] ERROR -- : SQLite3::SQLException: no such table: users: SELECT  "users".* FROM "users"  WHERE "users"."provider" = 'facebook' AND "users"."uid" = '100003785349386'  ORDER BY "users"."id" ASC LIMIT 1
I, [2014-02-05T02:27:20.994938 #2203]  INFO -- : Completed 500 Internal Server Error in 7ms
F, [2014-02-05T02:27:20.998175 #2203] FATAL -- : 
ActiveRecord::StatementInvalid (SQLite3::SQLException: no such table: users: SELECT  "users".* FROM "users"  WHERE "users"."provider" = 'facebook' AND "users"."uid" = '100003785349386'  ORDER BY "users"."id" ASC LIMIT 1):
  app/controllers/users_controller.rb:3:in `from_omniauth'
  app/controllers/sessions_controller.rb:3:in `create'


