  activesupport (4.0.2) lib/active_support/cache/strategy/local_cache.rb:83:in `call'
  rack (1.5.2) lib/rack/sendfile.rb:112:in `call'
  railties (4.0.2) lib/rails/engine.rb:511:in `call'
  railties (4.0.2) lib/rails/application.rb:97:in `call'
  unicorn (4.7.0) lib/unicorn/http_server.rb:580:in `process_client'
  unicorn (4.7.0) lib/unicorn/http_server.rb:660:in `worker_loop'
  unicorn (4.7.0) lib/unicorn/http_server.rb:527:in `spawn_missing_workers'
  unicorn (4.7.0) lib/unicorn/http_server.rb:153:in `start'
  unicorn (4.7.0) bin/unicorn:126:in `<top (required)>'
  /usr/local/rvm/gems/ruby-2.0.0-p353/bin/unicorn:23:in `load'
  /usr/local/rvm/gems/ruby-2.0.0-p353/bin/unicorn:23:in `<main>'
  /usr/local/rvm/gems/ruby-2.0.0-p353/bin/ruby_executable_hooks:15:in `eval'
  /usr/local/rvm/gems/ruby-2.0.0-p353/bin/ruby_executable_hooks:15:in `<main>'


I, [2014-02-19T11:29:43.698895 #11281]  INFO -- : Started GET "/myadmin/scripts/setup.php" for 61.31.162.131 at 2014-02-19 11:29:43 +0000
F, [2014-02-19T11:29:43.702367 #11281] FATAL -- : 
ActionController::RoutingError (No route matches [GET] "/myadmin/scripts/setup.php"):
  actionpack (4.0.2) lib/action_dispatch/middleware/debug_exceptions.rb:21:in `call'
  actionpack (4.0.2) lib/action_dispatch/middleware/show_exceptions.rb:30:in `call'
  railties (4.0.2) lib/rails/rack/logger.rb:38:in `call_app'
  railties (4.0.2) lib/rails/rack/logger.rb:20:in `block in call'
  activesupport (4.0.2) lib/active_support/tagged_logging.rb:67:in `block in tagged'
  activesupport (4.0.2) lib/active_support/tagged_logging.rb:25:in `tagged'
  activesupport (4.0.2) lib/active_support/tagged_logging.rb:67:in `tagged'
  railties (4.0.2) lib/rails/rack/logger.rb:20:in `call'
  actionpack (4.0.2) lib/action_dispatch/middleware/request_id.rb:21:in `call'
  rack (1.5.2) lib/rack/methodoverride.rb:21:in `call'
  rack (1.5.2) lib/rack/runtime.rb:17:in `call'
  activesupport (4.0.2) lib/active_support/cache/strategy/local_cache.rb:83:in `call'
  rack (1.5.2) lib/rack/sendfile.rb:112:in `call'
  railties (4.0.2) lib/rails/engine.rb:511:in `call'
  railties (4.0.2) lib/rails/application.rb:97:in `call'
  unicorn (4.7.0) lib/unicorn/http_server.rb:580:in `process_client'
  unicorn (4.7.0) lib/unicorn/http_server.rb:660:in `worker_loop'
  unicorn (4.7.0) lib/unicorn/http_server.rb:527:in `spawn_missing_workers'
  unicorn (4.7.0) lib/unicorn/http_server.rb:153:in `start'
  unicorn (4.7.0) bin/unicorn:126:in `<top (required)>'
  /usr/local/rvm/gems/ruby-2.0.0-p353/bin/unicorn:23:in `load'
  /usr/local/rvm/gems/ruby-2.0.0-p353/bin/unicorn:23:in `<main>'
  /usr/local/rvm/gems/ruby-2.0.0-p353/bin/ruby_executable_hooks:15:in `eval'
  /usr/local/rvm/gems/ruby-2.0.0-p353/bin/ruby_executable_hooks:15:in `<main>'


I, [2014-02-19T12:16:34.837307 #11283]  INFO -- : Started GET "/phpTest/zologize/axa.php" for 210.32.188.193 at 2014-02-19 12:16:34 +0000
F, [2014-02-19T12:16:34.841921 #11283] FATAL -- : 
ActionController::RoutingError (No route matches [GET] "/phpTest/zologize/axa.php"):
  actionpack (4.0.2) lib/action_dispatch/middleware/debug_exceptions.rb:21:in `call'
  actionpack (4.0.2) lib/action_dispatch/middleware/show_exceptions.rb:30:in `call'
  railties (4.0.2) lib/rails/rack/logger.rb:38:in `call_app'
  railties (4.0.2) lib/rails/rack/logger.rb:20:in `block in call'
  activesupport (4.0.2) lib/active_support/tagged_logging.rb:67:in `block in tagged'
  activesupport (4.0.2) lib/active_support/tagged_logging.rb:25:in `tagged'
  activesupport (4.0.2) lib/active_support/tagged_logging.rb:67:in `tagged'
  railties (4.0.2) lib/rails/rack/logger.rb:20:in `call'
  actionpack (4.0.2) lib/action_dispatch/middleware/request_id.rb:21:in `call'
  rack (1.5.2) lib/rack/methodoverride.rb:21:in `call'
  rack (1.5.2) lib/rack/runtime.rb:17:in `call'
  activesupport (4.0.2) lib/active_support/cache/strategy/local_cache.rb:83:in `call'
  rack (1.5.2) lib/rack/sendfile.rb:112:in `call'
  railties (4.0.2) lib/rails/engine.rb:511:in `call'
  railties (4.0.2) lib/rails/application.rb:97:in `call'
  unicorn (4.7.0) lib/unicorn/http_server.rb:580:in `process_client'
  unicorn (4.7.0) lib/unicorn/http_server.rb:660:in `worker_loop'
  unicorn (4.7.0) lib/unicorn/http_server.rb:527:in `spawn_missing_workers'
  unicorn (4.7.0) lib/unicorn/http_server.rb:153:in `start'
  unicorn (4.7.0) bin/unicorn:126:in `<top (required)>'
  /usr/local/rvm/gems/ruby-2.0.0-p353/bin/unicorn:23:in `load'
  /usr/local/rvm/gems/ruby-2.0.0-p353/bin/unicorn:23:in `<main>'
  /usr/local/rvm/gems/ruby-2.0.0-p353/bin/ruby_executable_hooks:15:in `eval'
  /usr/local/rvm/gems/ruby-2.0.0-p353/bin/ruby_executable_hooks:15:in `<main>'


I, [2014-02-19T12:16:35.675770 #11281]  INFO -- : Started GET "/phpMyAdmin/scripts/setup.php" for 210.32.188.193 at 2014-02-19 12:16:35 +0000
F, [2014-02-19T12:16:35.679134 #11281] FATAL -- : 
ActionController::RoutingError (No route matches [GET] "/phpMyAdmin/scripts/setup.php"):
  actionpack (4.0.2) lib/action_dispatch/middleware/debug_exceptions.rb:21:in `call'
  actionpack (4.0.2) lib/action_dispatch/middleware/show_exceptions.rb:30:in `call'
  railties (4.0.2) lib/rails/rack/logger.rb:38:in `call_app'
  railties (4.0.2) lib/rails/rack/logger.rb:20:in `block in call'
  activesupport (4.0.2) lib/active_support/tagged_logging.rb:67:in `block in tagged'
  activesupport (4.0.2) lib/active_support/tagged_logging.rb:25:in `tagged'
  activesupport (4.0.2) lib/active_support/tagged_logging.rb:67:in `tagged'
  railties (4.0.2) lib/rails/rack/logger.rb:20:in `call'
  actionpack (4.0.2) lib/action_dispatch/middleware/request_id.rb:21:in `call'
  rack (1.5.2) lib/rack/methodoverride.rb:21:in `call'
  rack (1.5.2) lib/rack/runtime.rb:17:in `call'
  activesupport (4.0.2) lib/active_support/cache/strategy/local_cache.rb:83:in `call'
  rack (1.5.2) lib/rack/sendfile.rb:112:in `call'
  railties (4.0.2) lib/rails/engine.rb:511:in `call'
  railties (4.0.2) lib/rails/application.rb:97:in `call'
  unicorn (4.7.0) lib/unicorn/http_server.rb:580:in `process_client'
  unicorn (4.7.0) lib/unicorn/http_server.rb:660:in `worker_loop'
  unicorn (4.7.0) lib/unicorn/http_server.rb:527:in `spawn_missing_workers'
  unicorn (4.7.0) lib/unicorn/http_server.rb:153:in `start'
  unicorn (4.7.0) bin/unicorn:126:in `<top (required)>'
  /usr/local/rvm/gems/ruby-2.0.0-p353/bin/unicorn:23:in `load'
  /usr/local/rvm/gems/ruby-2.0.0-p353/bin/unicorn:23:in `<main>'
  /usr/local/rvm/gems/ruby-2.0.0-p353/bin/ruby_executable_hooks:15:in `eval'
  /usr/local/rvm/gems/ruby-2.0.0-p353/bin/ruby_executable_hooks:15:in `<main>'


I, [2014-02-19T12:16:36.527714 #11283]  INFO -- : Started GET "/pma/scripts/setup.php" for 210.32.188.193 at 2014-02-19 12:16:36 +0000
F, [2014-02-19T12:16:36.530553 #11283] FATAL -- : 
ActionController::RoutingError (No route matches [GET] "/pma/scripts/setup.php"):
  actionpack (4.0.2) lib/action_dispatch/middleware/debug_exceptions.rb:21:in `call'
  actionpack (4.0.2) lib/action_dispatch/middleware/show_exceptions.rb:30:in `call'
  railties (4.0.2) lib/rails/rack/logger.rb:38:in `call_app'
  railties (4.0.2) lib/rails/rack/logger.rb:20:in `block in call'
  activesupport (4.0.2) lib/active_support/tagged_logging.rb:67:in `block in tagged'
  activesupport (4.0.2) lib/active_support/tagged_logging.rb:25:in `tagged'
  activesupport (4.0.2) lib/active_support/tagged_logging.rb:67:in `tagged'
  railties (4.0.2) lib/rails/rack/logger.rb:20:in `call'
  actionpack (4.0.2) lib/action_dispatch/middleware/request_id.rb:21:in `call'
  rack (1.5.2) lib/rack/methodoverride.rb:21:in `call'
  rack (1.5.2) lib/rack/runtime.rb:17:in `call'
  activesupport (4.0.2) lib/active_support/cache/strategy/local_cache.rb:83:in `call'
  rack (1.5.2) lib/rack/sendfile.rb:112:in `call'
  railties (4.0.2) lib/rails/engine.rb:511:in `call'
  railties (4.0.2) lib/rails/application.rb:97:in `call'
  unicorn (4.7.0) lib/unicorn/http_server.rb:580:in `process_client'
  unicorn (4.7.0) lib/unicorn/http_server.rb:660:in `worker_loop'
  unicorn (4.7.0) lib/unicorn/http_server.rb:527:in `spawn_missing_workers'
  unicorn (4.7.0) lib/unicorn/http_server.rb:153:in `start'
  unicorn (4.7.0) bin/unicorn:126:in `<top (required)>'
  /usr/local/rvm/gems/ruby-2.0.0-p353/bin/unicorn:23:in `load'
  /usr/local/rvm/gems/ruby-2.0.0-p353/bin/unicorn:23:in `<main>'
  /usr/local/rvm/gems/ruby-2.0.0-p353/bin/ruby_executable_hooks:15:in `eval'
  /usr/local/rvm/gems/ruby-2.0.0-p353/bin/ruby_executable_hooks:15:in `<main>'


I, [2014-02-19T12:16:37.375521 #11281]  INFO -- : Started GET "/myadmin/scripts/setup.php" for 210.32.188.193 at 2014-02-19 12:16:37 +0000
F, [2014-02-19T12:16:37.379108 #11281] FATAL -- : 
ActionController::RoutingError (No route matches [GET] "/myadmin/scripts/setup.php"):
  actionpack (4.0.2) lib/action_dispatch/middleware/debug_exceptions.rb:21:in `call'
  actionpack (4.0.2) lib/action_dispatch/middleware/show_exceptions.rb:30:in `call'
  railties (4.0.2) lib/rails/rack/logger.rb:38:in `call_app'
  railties (4.0.2) lib/rails/rack/logger.rb:20:in `block in call'
  activesupport (4.0.2) lib/active_support/tagged_logging.rb:67:in `block in tagged'
  activesupport (4.0.2) lib/active_support/tagged_logging.rb:25:in `tagged'
  activesupport (4.0.2) lib/active_support/tagged_logging.rb:67:in `tagged'
  railties (4.0.2) lib/rails/rack/logger.rb:20:in `call'
  actionpack (4.0.2) lib/action_dispatch/middleware/request_id.rb:21:in `call'
  rack (1.5.2) lib/rack/methodoverride.rb:21:in `call'
  rack (1.5.2) lib/rack/runtime.rb:17:in `call'
  activesupport (4.0.2) lib/active_support/cache/strategy/local_cache.rb:83:in `call'
  rack (1.5.2) lib/rack/sendfile.rb:112:in `call'
  railties (4.0.2) lib/rails/engine.rb:511:in `call'
  railties (4.0.2) lib/rails/application.rb:97:in `call'
  unicorn (4.7.0) lib/unicorn/http_server.rb:580:in `process_client'
  unicorn (4.7.0) lib/unicorn/http_server.rb:660:in `worker_loop'
  unicorn (4.7.0) lib/unicorn/http_server.rb:527:in `spawn_missing_workers'
  unicorn (4.7.0) lib/unicorn/http_server.rb:153:in `start'
  unicorn (4.7.0) bin/unicorn:126:in `<top (required)>'
  /usr/local/rvm/gems/ruby-2.0.0-p353/bin/unicorn:23:in `load'
  /usr/local/rvm/gems/ruby-2.0.0-p353/bin/unicorn:23:in `<main>'
  /usr/local/rvm/gems/ruby-2.0.0-p353/bin/ruby_executable_hooks:15:in `eval'
  /usr/local/rvm/gems/ruby-2.0.0-p353/bin/ruby_executable_hooks:15:in `<main>'


I, [2014-02-19T14:53:34.136583 #11283]  INFO -- : Started GET "/phpTest/zologize/axa.php" for 114.46.241.149 at 2014-02-19 14:53:34 +0000
F, [2014-02-19T14:53:34.145815 #11283] FATAL -- : 
ActionController::RoutingError (No route matches [GET] "/phpTest/zologize/axa.php"):
  actionpack (4.0.2) lib/action_dispatch/middleware/debug_exceptions.rb:21:in `call'
  actionpack (4.0.2) lib/action_dispatch/middleware/show_exceptions.rb:30:in `call'
  railties (4.0.2) lib/rails/rack/logger.rb:38:in `call_app'
  railties (4.0.2) lib/rails/rack/logger.rb:20:in `block in call'
  activesupport (4.0.2) lib/active_support/tagged_logging.rb:67:in `block in tagged'
  activesupport (4.0.2) lib/active_support/tagged_logging.rb:25:in `tagged'
  activesupport (4.0.2) lib/active_support/tagged_logging.rb:67:in `tagged'
  railties (4.0.2) lib/rails/rack/logger.rb:20:in `call'
  actionpack (4.0.2) lib/action_dispatch/middleware/request_id.rb:21:in `call'
  rack (1.5.2) lib/rack/methodoverride.rb:21:in `call'
  rack (1.5.2) lib/rack/runtime.rb:17:in `call'
  activesupport (4.0.2) lib/active_support/cache/strategy/local_cache.rb:83:in `call'
  rack (1.5.2) lib/rack/sendfile.rb:112:in `call'
  railties (4.0.2) lib/rails/engine.rb:511:in `call'
  railties (4.0.2) lib/rails/application.rb:97:in `call'
  unicorn (4.7.0) lib/unicorn/http_server.rb:580:in `process_client'
  unicorn (4.7.0) lib/unicorn/http_server.rb:660:in `worker_loop'
  unicorn (4.7.0) lib/unicorn/http_server.rb:527:in `spawn_missing_workers'
  unicorn (4.7.0) lib/unicorn/http_server.rb:153:in `start'
  unicorn (4.7.0) bin/unicorn:126:in `<top (required)>'
  /usr/local/rvm/gems/ruby-2.0.0-p353/bin/unicorn:23:in `load'
  /usr/local/rvm/gems/ruby-2.0.0-p353/bin/unicorn:23:in `<main>'
  /usr/local/rvm/gems/ruby-2.0.0-p353/bin/ruby_executable_hooks:15:in `eval'
  /usr/local/rvm/gems/ruby-2.0.0-p353/bin/ruby_executable_hooks:15:in `<main>'


I, [2014-02-19T14:53:41.897097 #11281]  INFO -- : Started GET "/phpMyAdmin/scripts/setup.php" for 114.46.241.149 at 2014-02-19 14:53:41 +0000
F, [2014-02-19T14:53:41.904507 #11281] FATAL -- : 
ActionController::RoutingError (No route matches [GET] "/phpMyAdmin/scripts/setup.php"):
  actionpack (4.0.2) lib/action_dispatch/middleware/debug_exceptions.rb:21:in `call'
  actionpack (4.0.2) lib/action_dispatch/middleware/show_exceptions.rb:30:in `call'
  railties (4.0.2) lib/rails/rack/logger.rb:38:in `call_app'
  railties (4.0.2) lib/rails/rack/logger.rb:20:in `block in call'
  activesupport (4.0.2) lib/active_support/tagged_logging.rb:67:in `block in tagged'
  activesupport (4.0.2) lib/active_support/tagged_logging.rb:25:in `tagged'
  activesupport (4.0.2) lib/active_support/tagged_logging.rb:67:in `tagged'
  railties (4.0.2) lib/rails/rack/logger.rb:20:in `call'
  actionpack (4.0.2) lib/action_dispatch/middleware/request_id.rb:21:in `call'
  rack (1.5.2) lib/rack/methodoverride.rb:21:in `call'
  rack (1.5.2) lib/rack/runtime.rb:17:in `call'
  activesupport (4.0.2) lib/active_support/cache/strategy/local_cache.rb:83:in `call'
  rack (1.5.2) lib/rack/sendfile.rb:112:in `call'
  railties (4.0.2) lib/rails/engine.rb:511:in `call'
  railties (4.0.2) lib/rails/application.rb:97:in `call'
  unicorn (4.7.0) lib/unicorn/http_server.rb:580:in `process_client'
  unicorn (4.7.0) lib/unicorn/http_server.rb:660:in `worker_loop'
  unicorn (4.7.0) lib/unicorn/http_server.rb:527:in `spawn_missing_workers'
  unicorn (4.7.0) lib/unicorn/http_server.rb:153:in `start'
  unicorn (4.7.0) bin/unicorn:126:in `<top (required)>'
  /usr/local/rvm/gems/ruby-2.0.0-p353/bin/unicorn:23:in `load'
  /usr/local/rvm/gems/ruby-2.0.0-p353/bin/unicorn:23:in `<main>'
  /usr/local/rvm/gems/ruby-2.0.0-p353/bin/ruby_executable_hooks:15:in `eval'
  /usr/local/rvm/gems/ruby-2.0.0-p353/bin/ruby_executable_hooks:15:in `<main>'


I, [2014-02-19T15:41:53.846171 #11283]  INFO -- : Started GET "/" for 190.5.117.234 at 2014-02-19 15:41:53 +0000
I, [2014-02-19T15:41:53.852082 #11283]  INFO -- : Processing by SuchCommandCenterController#index as HTML
I, [2014-02-19T15:41:53.856730 #11283]  INFO -- :   Rendered such_command_center/index.html.erb within layouts/application (0.6ms)
I, [2014-02-19T15:41:53.861179 #11283]  INFO -- : Completed 200 OK in 9ms (Views: 6.6ms | ActiveRecord: 0.0ms)
I, [2014-02-19T15:41:54.068029 #11281]  INFO -- : Started GET "/assets/scaffolds-ba9867be7e07780f1577af65144b7bfe.css" for 190.5.117.234 at 2014-02-19 15:41:54 +0000
I, [2014-02-19T15:41:55.307622 #11283]  INFO -- : Started GET "/auth/facebook" for 190.5.117.234 at 2014-02-19 15:41:55 +0000
I, [2014-02-19T15:41:55.309210 #11283]  INFO -- : (facebook) Request phase initiated.
I, [2014-02-19T15:41:55.782221 #11281]  INFO -- : Started GET "/auth/facebook/callback?code=AQAu9xUY_7uvXXSjWyY5C094ZbAe2qD7VgRsGOO7CKf18C2BRerQkBkbvuuG7jvlZdF4iVdPDyLHAKeOKStnbewdz1d1_r0iENgPE9PjAtbvQEdtV_C8yvQFtByTeZe_bupSV9FUASC0qKEHgZPn7oWU3efMZ_wskS_D-FR7vzlZU9PdVTrf__jJ0gjCPX8U9xLYpGOV1m9ikOaT_uG3vZI4VXKysDsvev40_DA22ytCs8Fe9TIC_UoVogftA3AM0ex2a8aR_B-7zXPJ73jah-vl-ARiNx0bK2RSycjh6umzqyEjtnZzNaSdkWrojiO-aAo" for 190.5.117.234 at 2014-02-19 15:41:55 +0000
I, [2014-02-19T15:41:55.785501 #11281]  INFO -- : (facebook) Callback phase initiated.
I, [2014-02-19T15:41:56.174504 #11281]  INFO -- : Processing by SessionsController#create as HTML
I, [2014-02-19T15:41:56.174650 #11281]  INFO -- :   Parameters: {"code"=>"AQAu9xUY_7uvXXSjWyY5C094ZbAe2qD7VgRsGOO7CKf18C2BRerQkBkbvuuG7jvlZdF4iVdPDyLHAKeOKStnbewdz1d1_r0iENgPE9PjAtbvQEdtV_C8yvQFtByTeZe_bupSV9FUASC0qKEHgZPn7oWU3efMZ_wskS_D-FR7vzlZU9PdVTrf__jJ0gjCPX8U9xLYpGOV1m9ikOaT_uG3vZI4VXKysDsvev40_DA22ytCs8Fe9TIC_UoVogftA3AM0ex2a8aR_B-7zXPJ73jah-vl-ARiNx0bK2RSycjh6umzqyEjtnZzNaSdkWrojiO-aAo", "provider"=>"facebook"}
I, [2014-02-19T15:41:56.188876 #11281]  INFO -- : Redirected to http://www.dogefun.com/
I, [2014-02-19T15:41:56.189229 #11281]  INFO -- : Completed 302 Found in 14ms (ActiveRecord: 10.6ms)
I, [2014-02-19T15:41:56.358997 #11283]  INFO -- : Started GET "/" for 190.5.117.234 at 2014-02-19 15:41:56 +0000
I, [2014-02-19T15:41:56.367046 #11283]  INFO -- : Processing by SuchCommandCenterController#index as HTML
I, [2014-02-19T15:41:56.397270 #11283]  INFO -- :   Rendered such_command_center/index.html.erb within layouts/application (27.0ms)
I, [2014-02-19T15:41:56.400128 #11283]  INFO -- : Completed 200 OK in 33ms (Views: 25.5ms | ActiveRecord: 5.2ms)
I, [2014-02-19T15:41:56.591807 #11281]  INFO -- : Started GET "/assets/scaffolds-ba9867be7e07780f1577af65144b7bfe.css" for 190.5.117.234 at 2014-02-19 15:41:56 +0000
I, [2014-02-19T15:42:13.427055 #11281]  INFO -- : Started POST "/very_loots" for 190.5.117.234 at 2014-02-19 15:42:13 +0000
I, [2014-02-19T15:42:13.430495 #11281]  INFO -- : Processing by VeryLootsController#create as HTML
I, [2014-02-19T15:42:13.430617 #11281]  INFO -- :   Parameters: {"utf8"=>"✓", "authenticity_token"=>"iSLzHk/JfIJeG3eAtizNG4MbLTBxT0kYXPL16m6W0Ew=", "commit"=>"much energy loot"}
I, [2014-02-19T15:42:13.453701 #11281]  INFO -- : Redirected to http://www.dogefun.com/
I, [2014-02-19T15:42:13.454063 #11281]  INFO -- : Completed 302 Found in 23ms (ActiveRecord: 14.1ms)
I, [2014-02-19T15:42:13.626227 #11283]  INFO -- : Started GET "/" for 190.5.117.234 at 2014-02-19 15:42:13 +0000
I, [2014-02-19T15:42:13.628383 #11283]  INFO -- : Processing by SuchCommandCenterController#index as HTML
I, [2014-02-19T15:42:13.646720 #11283]  INFO -- :   Rendered such_command_center/index.html.erb within layouts/application (16.7ms)
I, [2014-02-19T15:42:13.648196 #11283]  INFO -- : Completed 200 OK in 20ms (Views: 14.9ms | ActiveRecord: 3.6ms)
I, [2014-02-19T15:42:13.824290 #11281]  INFO -- : Started GET "/assets/scaffolds-ba9867be7e07780f1577af65144b7bfe.css" for 190.5.117.234 at 2014-02-19 15:42:13 +0000
I, [2014-02-19T15:43:15.881326 #11281]  INFO -- : Started GET "/" for 190.56.254.117 at 2014-02-19 15:43:15 +0000
I, [2014-02-19T15:43:15.883569 #11281]  INFO -- : Processing by SuchCommandCenterController#index as HTML
I, [2014-02-19T15:43:15.885263 #11281]  INFO -- :   Rendered such_command_center/index.html.erb within layouts/application (0.2ms)
I, [2014-02-19T15:43:15.886856 #11281]  INFO -- : Completed 200 OK in 3ms (Views: 2.5ms | ActiveRecord: 0.0ms)
I, [2014-02-19T15:43:16.380380 #11283]  INFO -- : Started GET "/assets/scaffolds-ba9867be7e07780f1577af65144b7bfe.css" for 190.56.254.117 at 2014-02-19 15:43:16 +0000
I, [2014-02-19T15:43:41.366773 #11283]  INFO -- : Started GET "/" for 190.5.117.234 at 2014-02-19 15:43:41 +0000
I, [2014-02-19T15:43:41.368759 #11283]  INFO -- : Processing by SuchCommandCenterController#index as HTML
I, [2014-02-19T15:43:41.387734 #11283]  INFO -- :   Rendered such_command_center/index.html.erb within layouts/application (17.2ms)
I, [2014-02-19T15:43:41.389483 #11283]  INFO -- : Completed 200 OK in 20ms (Views: 15.8ms | ActiveRecord: 3.4ms)
I, [2014-02-19T15:43:41.500686 #11281]  INFO -- : Started GET "/auth/facebook" for 190.56.254.117 at 2014-02-19 15:43:41 +0000
I, [2014-02-19T15:43:41.501475 #11281]  INFO -- : (facebook) Request phase initiated.
I, [2014-02-19T15:43:41.568904 #11283]  INFO -- : Started GET "/assets/scaffolds-ba9867be7e07780f1577af65144b7bfe.css" for 190.5.117.234 at 2014-02-19 15:43:41 +0000
I, [2014-02-19T15:43:43.001375 #11283]  INFO -- : Started GET "/auth/facebook/callback?code=AQC76SAFti0r8tRgfzx5Jb_FdvG0I795sG3ND8T63scG2Nvb2z6qlWXjbARYeHC4w1eNnG9BjYDyqFW96p100MimAczE3ix_PKyCAxvi0xTb863INjbVEkVOCBrg_8Nm7pxNqtrr5d1MV7IGcRk_SI2J7dPka_wZKUGw2EX4DUyp48e674BJair_Z50df4tZMhIr1RjwT6hgnH6Kq582G0EuvPpBr3eQTbuK1CPMHyyxGHVe_p-18DeAbg0AEbBB7pyUxV3LPoZezAU3pufvcQ1i4gtIWaz1AAlynhC97-tbgGWTbpTYbSsFZpDHQyrkgNc" for 190.56.254.117 at 2014-02-19 15:43:43 +0000
I, [2014-02-19T15:43:43.002391 #11283]  INFO -- : (facebook) Callback phase initiated.
I, [2014-02-19T15:43:43.506277 #11283]  INFO -- : Processing by SessionsController#create as HTML
I, [2014-02-19T15:43:43.506510 #11283]  INFO -- :   Parameters: {"code"=>"AQC76SAFti0r8tRgfzx5Jb_FdvG0I795sG3ND8T63scG2Nvb2z6qlWXjbARYeHC4w1eNnG9BjYDyqFW96p100MimAczE3ix_PKyCAxvi0xTb863INjbVEkVOCBrg_8Nm7pxNqtrr5d1MV7IGcRk_SI2J7dPka_wZKUGw2EX4DUyp48e674BJair_Z50df4tZMhIr1RjwT6hgnH6Kq582G0EuvPpBr3eQTbuK1CPMHyyxGHVe_p-18DeAbg0AEbBB7pyUxV3LPoZezAU3pufvcQ1i4gtIWaz1AAlynhC97-tbgGWTbpTYbSsFZpDHQyrkgNc", "provider"=>"facebook"}
I, [2014-02-19T15:43:43.533929 #11283]  INFO -- : Redirected to http://www.dogefun.com/
I, [2014-02-19T15:43:43.534534 #11283]  INFO -- : Completed 302 Found in 28ms (ActiveRecord: 10.3ms)
I, [2014-02-19T15:43:43.863146 #11281]  INFO -- : Started GET "/" for 190.56.254.117 at 2014-02-19 15:43:43 +0000
I, [2014-02-19T15:43:43.864998 #11281]  INFO -- : Processing by SuchCommandCenterController#index as HTML
I, [2014-02-19T15:43:43.908562 #11281]  INFO -- :   Rendered such_command_center/index.html.erb within layouts/application (42.2ms)
I, [2014-02-19T15:43:43.910044 #11281]  INFO -- : Completed 200 OK in 45ms (Views: 40.6ms | ActiveRecord: 3.3ms)
I, [2014-02-19T15:43:45.238492 #11283]  INFO -- : Started GET "/" for 190.5.117.234 at 2014-02-19 15:43:45 +0000
I, [2014-02-19T15:43:45.241579 #11283]  INFO -- : Processing by SuchCommandCenterController#index as HTML
I, [2014-02-19T15:43:45.260580 #11283]  INFO -- :   Rendered such_command_center/index.html.erb within layouts/application (17.0ms)
I, [2014-02-19T15:43:45.262543 #11283]  INFO -- : Completed 200 OK in 21ms (Views: 16.5ms | ActiveRecord: 3.0ms)
I, [2014-02-19T15:43:45.443201 #11281]  INFO -- : Started GET "/assets/scaffolds-ba9867be7e07780f1577af65144b7bfe.css" for 190.5.117.234 at 2014-02-19 15:43:45 +0000
I, [2014-02-19T15:44:47.923207 #11281]  INFO -- : Started GET "/" for 190.5.117.234 at 2014-02-19 15:44:47 +0000
I, [2014-02-19T15:44:47.925246 #11281]  INFO -- : Processing by SuchCommandCenterController#index as HTML
I, [2014-02-19T15:44:47.943492 #11281]  INFO -- :   Rendered such_command_center/index.html.erb within layouts/application (16.6ms)
I, [2014-02-19T15:44:47.945042 #11281]  INFO -- : Completed 200 OK in 20ms (Views: 15.2ms | ActiveRecord: 3.3ms)
I, [2014-02-19T15:44:48.127417 #11283]  INFO -- : Started GET "/assets/scaffolds-ba9867be7e07780f1577af65144b7bfe.css" for 190.5.117.234 at 2014-02-19 15:44:48 +0000
I, [2014-02-19T15:50:13.220189 #11283]  INFO -- : Started GET "/" for 190.5.117.234 at 2014-02-19 15:50:13 +0000
I, [2014-02-19T15:50:13.222336 #11283]  INFO -- : Processing by SuchCommandCenterController#index as HTML
I, [2014-02-19T15:50:13.241150 #11283]  INFO -- :   Rendered such_command_center/index.html.erb within layouts/application (17.2ms)
I, [2014-02-19T15:50:13.242891 #11283]  INFO -- : Completed 200 OK in 20ms (Views: 16.0ms | ActiveRecord: 3.3ms)
I, [2014-02-19T15:50:13.416166 #11281]  INFO -- : Started GET "/assets/scaffolds-ba9867be7e07780f1577af65144b7bfe.css" for 190.5.117.234 at 2014-02-19 15:50:13 +0000
I, [2014-02-19T15:50:16.424243 #11281]  INFO -- : Started GET "/" for 190.5.117.234 at 2014-02-19 15:50:16 +0000
I, [2014-02-19T15:50:16.426388 #11281]  INFO -- : Processing by SuchCommandCenterController#index as HTML
I, [2014-02-19T15:50:16.443129 #11281]  INFO -- :   Rendered such_command_center/index.html.erb within layouts/application (15.2ms)
I, [2014-02-19T15:50:16.444809 #11281]  INFO -- : Completed 200 OK in 18ms (Views: 14.3ms | ActiveRecord: 2.9ms)
I, [2014-02-19T15:50:16.629746 #11283]  INFO -- : Started GET "/assets/scaffolds-ba9867be7e07780f1577af65144b7bfe.css" for 190.5.117.234 at 2014-02-19 15:50:16 +0000
I, [2014-02-19T15:50:18.638042 #11283]  INFO -- : Started GET "/phpTest/zologize/axa.php" for 142.4.198.224 at 2014-02-19 15:50:18 +0000
F, [2014-02-19T15:50:18.641674 #11283] FATAL -- : 
ActionController::RoutingError (No route matches [GET] "/phpTest/zologize/axa.php"):
  actionpack (4.0.2) lib/action_dispatch/middleware/debug_exceptions.rb:21:in `call'
  actionpack (4.0.2) lib/action_dispatch/middleware/show_exceptions.rb:30:in `call'
  railties (4.0.2) lib/rails/rack/logger.rb:38:in `call_app'
  railties (4.0.2) lib/rails/rack/logger.rb:20:in `block in call'
  activesupport (4.0.2) lib/active_support/tagged_logging.rb:67:in `block in tagged'
  activesupport (4.0.2) lib/active_support/tagged_logging.rb:25:in `tagged'
  activesupport (4.0.2) lib/active_support/tagged_logging.rb:67:in `tagged'
  railties (4.0.2) lib/rails/rack/logger.rb:20:in `call'
  actionpack (4.0.2) lib/action_dispatch/middleware/request_id.rb:21:in `call'
  rack (1.5.2) lib/rack/methodoverride.rb:21:in `call'
  rack (1.5.2) lib/rack/runtime.rb:17:in `call'
  activesupport (4.0.2) lib/active_support/cache/strategy/local_cache.rb:83:in `call'
  rack (1.5.2) lib/rack/sendfile.rb:112:in `call'
  railties (4.0.2) lib/rails/engine.rb:511:in `call'
  railties (4.0.2) lib/rails/application.rb:97:in `call'
  unicorn (4.7.0) lib/unicorn/http_server.rb:580:in `process_client'
  unicorn (4.7.0) lib/unicorn/http_server.rb:660:in `worker_loop'
  unicorn (4.7.0) lib/unicorn/http_server.rb:527:in `spawn_missing_workers'
  unicorn (4.7.0) lib/unicorn/http_server.rb:153:in `start'
  unicorn (4.7.0) bin/unicorn:126:in `<top (required)>'
  /usr/local/rvm/gems/ruby-2.0.0-p353/bin/unicorn:23:in `load'
  /usr/local/rvm/gems/ruby-2.0.0-p353/bin/unicorn:23:in `<main>'
  /usr/local/rvm/gems/ruby-2.0.0-p353/bin/ruby_executable_hooks:15:in `eval'
  /usr/local/rvm/gems/ruby-2.0.0-p353/bin/ruby_executable_hooks:15:in `<main>'


I, [2014-02-19T15:50:18.970041 #11281]  INFO -- : Started GET "/phpMyAdmin/scripts/setup.php" for 142.4.198.224 at 2014-02-19 15:50:18 +0000
F, [2014-02-19T15:50:18.973060 #11281] FATAL -- : 
ActionController::RoutingError (No route matches [GET] "/phpMyAdmin/scripts/setup.php"):
  actionpack (4.0.2) lib/action_dispatch/middleware/debug_exceptions.rb:21:in `call'
  actionpack (4.0.2) lib/action_dispatch/middleware/show_exceptions.rb:30:in `call'
  railties (4.0.2) lib/rails/rack/logger.rb:38:in `call_app'
  railties (4.0.2) lib/rails/rack/logger.rb:20:in `block in call'
  activesupport (4.0.2) lib/active_support/tagged_logging.rb:67:in `block in tagged'
  activesupport (4.0.2) lib/active_support/tagged_logging.rb:25:in `tagged'
  activesupport (4.0.2) lib/active_support/tagged_logging.rb:67:in `tagged'
  railties (4.0.2) lib/rails/rack/logger.rb:20:in `call'
  actionpack (4.0.2) lib/action_dispatch/middleware/request_id.rb:21:in `call'
  rack (1.5.2) lib/rack/methodoverride.rb:21:in `call'
  rack (1.5.2) lib/rack/runtime.rb:17:in `call'
  activesupport (4.0.2) lib/active_support/cache/strategy/local_cache.rb:83:in `call'
  rack (1.5.2) lib/rack/sendfile.rb:112:in `call'
  railties (4.0.2) lib/rails/engine.rb:511:in `call'
  railties (4.0.2) lib/rails/application.rb:97:in `call'
  unicorn (4.7.0) lib/unicorn/http_server.rb:580:in `process_client'
  unicorn (4.7.0) lib/unicorn/http_server.rb:660:in `worker_loop'
  unicorn (4.7.0) lib/unicorn/http_server.rb:527:in `spawn_missing_workers'
  unicorn (4.7.0) lib/unicorn/http_server.rb:153:in `start'
  unicorn (4.7.0) bin/unicorn:126:in `<top (required)>'
  /usr/local/rvm/gems/ruby-2.0.0-p353/bin/unicorn:23:in `load'
  /usr/local/rvm/gems/ruby-2.0.0-p353/bin/unicorn:23:in `<main>'
  /usr/local/rvm/gems/ruby-2.0.0-p353/bin/ruby_executable_hooks:15:in `eval'
  /usr/local/rvm/gems/ruby-2.0.0-p353/bin/ruby_executable_hooks:15:in `<main>'


I, [2014-02-19T15:50:19.293257 #11283]  INFO -- : Started GET "/pma/scripts/setup.php" for 142.4.198.224 at 2014-02-19 15:50:19 +0000
F, [2014-02-19T15:50:19.296432 #11283] FATAL -- : 
ActionController::RoutingError (No route matches [GET] "/pma/scripts/setup.php"):
  actionpack (4.0.2) lib/action_dispatch/middleware/debug_exceptions.rb:21:in `call'
  actionpack (4.0.2) lib/action_dispatch/middleware/show_exceptions.rb:30:in `call'
  railties (4.0.2) lib/rails/rack/logger.rb:38:in `call_app'
  railties (4.0.2) lib/rails/rack/logger.rb:20:in `block in call'
  activesupport (4.0.2) lib/active_support/tagged_logging.rb:67:in `block in tagged'
  activesupport (4.0.2) lib/active_support/tagged_logging.rb:25:in `tagged'
  activesupport (4.0.2) lib/active_support/tagged_logging.rb:67:in `tagged'
  railties (4.0.2) lib/rails/rack/logger.rb:20:in `call'
  actionpack (4.0.2) lib/action_dispatch/middleware/request_id.rb:21:in `call'
  rack (1.5.2) lib/rack/methodoverride.rb:21:in `call'
  rack (1.5.2) lib/rack/runtime.rb:17:in `call'
  activesupport (4.0.2) lib/active_support/cache/strategy/local_cache.rb:83:in `call'
  rack (1.5.2) lib/rack/sendfile.rb:112:in `call'
  railties (4.0.2) lib/rails/engine.rb:511:in `call'
  railties (4.0.2) lib/rails/application.rb:97:in `call'
  unicorn (4.7.0) lib/unicorn/http_server.rb:580:in `process_client'
  unicorn (4.7.0) lib/unicorn/http_server.rb:660:in `worker_loop'
  unicorn (4.7.0) lib/unicorn/http_server.rb:527:in `spawn_missing_workers'
  unicorn (4.7.0) lib/unicorn/http_server.rb:153:in `start'
  unicorn (4.7.0) bin/unicorn:126:in `<top (required)>'
  /usr/local/rvm/gems/ruby-2.0.0-p353/bin/unicorn:23:in `load'
  /usr/local/rvm/gems/ruby-2.0.0-p353/bin/unicorn:23:in `<main>'
  /usr/local/rvm/gems/ruby-2.0.0-p353/bin/ruby_executable_hooks:15:in `eval'
  /usr/local/rvm/gems/ruby-2.0.0-p353/bin/ruby_executable_hooks:15:in `<main>'


I, [2014-02-19T15:50:19.626052 #11281]  INFO -- : Started GET "/myadmin/scripts/setup.php" for 142.4.198.224 at 2014-02-19 15:50:19 +0000
F, [2014-02-19T15:50:19.629180 #11281] FATAL -- : 
ActionController::RoutingError (No route matches [GET] "/myadmin/scripts/setup.php"):
  actionpack (4.0.2) lib/action_dispatch/middleware/debug_exceptions.rb:21:in `call'
  actionpack (4.0.2) lib/action_dispatch/middleware/show_exceptions.rb:30:in `call'
  railties (4.0.2) lib/rails/rack/logger.rb:38:in `call_app'
  railties (4.0.2) lib/rails/rack/logger.rb:20:in `block in call'
  activesupport (4.0.2) lib/active_support/tagged_logging.rb:67:in `block in tagged'
  activesupport (4.0.2) lib/active_support/tagged_logging.rb:25:in `tagged'
  activesupport (4.0.2) lib/active_support/tagged_logging.rb:67:in `tagged'
  railties (4.0.2) lib/rails/rack/logger.rb:20:in `call'
  actionpack (4.0.2) lib/action_dispatch/middleware/request_id.rb:21:in `call'
  rack (1.5.2) lib/rack/methodoverride.rb:21:in `call'
  rack (1.5.2) lib/rack/runtime.rb:17:in `call'
  activesupport (4.0.2) lib/active_support/cache/strategy/local_cache.rb:83:in `call'
  rack (1.5.2) lib/rack/sendfile.rb:112:in `call'
  railties (4.0.2) lib/rails/engine.rb:511:in `call'
  railties (4.0.2) lib/rails/application.rb:97:in `call'
  unicorn (4.7.0) lib/unicorn/http_server.rb:580:in `process_client'
  unicorn (4.7.0) lib/unicorn/http_server.rb:660:in `worker_loop'
  unicorn (4.7.0) lib/unicorn/http_server.rb:527:in `spawn_missing_workers'
  unicorn (4.7.0) lib/unicorn/http_server.rb:153:in `start'
  unicorn (4.7.0) bin/unicorn:126:in `<top (required)>'
  /usr/local/rvm/gems/ruby-2.0.0-p353/bin/unicorn:23:in `load'
  /usr/local/rvm/gems/ruby-2.0.0-p353/bin/unicorn:23:in `<main>'
  /usr/local/rvm/gems/ruby-2.0.0-p353/bin/ruby_executable_hooks:15:in `eval'
  /usr/local/rvm/gems/ruby-2.0.0-p353/bin/ruby_executable_hooks:15:in `<main>'


I, [2014-02-19T15:50:44.945390 #11283]  INFO -- : Started POST "/very_buildings" for 190.56.254.117 at 2014-02-19 15:50:44 +0000
I, [2014-02-19T15:50:44.950110 #11283]  INFO -- : Processing by VeryBuildingsController#create as HTML
I, [2014-02-19T15:50:44.950378 #11283]  INFO -- :   Parameters: {"utf8"=>"✓", "authenticity_token"=>"chptCp8BomviRpi7CYDuFIGFt/a4967eVIJjkjccoLY=", "position"=>"0", "such_type"=>"SuchGenerator", "commit"=>"createSuchGenerator"}
I, [2014-02-19T15:50:44.975014 #11283]  INFO -- : Redirected to http://www.dogefun.com/
I, [2014-02-19T15:50:44.975458 #11283]  INFO -- : Completed 302 Found in 25ms (ActiveRecord: 13.4ms)
I, [2014-02-19T15:50:45.349608 #11281]  INFO -- : Started GET "/" for 190.56.254.117 at 2014-02-19 15:50:45 +0000
I, [2014-02-19T15:50:45.351597 #11281]  INFO -- : Processing by SuchCommandCenterController#index as HTML
I, [2014-02-19T15:50:45.393309 #11281]  INFO -- :   Rendered such_command_center/index.html.erb within layouts/application (40.2ms)
I, [2014-02-19T15:50:45.394926 #11281]  INFO -- : Completed 200 OK in 43ms (Views: 38.7ms | ActiveRecord: 3.4ms)
I, [2014-02-19T15:50:50.295531 #11283]  INFO -- : Started GET "/" for 190.5.117.234 at 2014-02-19 15:50:50 +0000
I, [2014-02-19T15:50:50.298234 #11283]  INFO -- : Processing by SuchCommandCenterController#index as HTML
I, [2014-02-19T15:50:50.319287 #11283]  INFO -- :   Rendered such_command_center/index.html.erb within layouts/application (19.2ms)
I, [2014-02-19T15:50:50.321273 #11283]  INFO -- : Completed 200 OK in 23ms (Views: 18.4ms | ActiveRecord: 3.2ms)
I, [2014-02-19T15:50:50.497306 #11281]  INFO -- : Started GET "/assets/scaffolds-ba9867be7e07780f1577af65144b7bfe.css" for 190.5.117.234 at 2014-02-19 15:50:50 +0000
I, [2014-02-19T15:51:00.969149 #11281]  INFO -- : Started POST "/very_buildings" for 190.56.254.117 at 2014-02-19 15:51:00 +0000
I, [2014-02-19T15:51:00.971702 #11281]  INFO -- : Processing by VeryBuildingsController#create as HTML
I, [2014-02-19T15:51:00.971833 #11281]  INFO -- :   Parameters: {"utf8"=>"✓", "authenticity_token"=>"chptCp8BomviRpi7CYDuFIGFt/a4967eVIJjkjccoLY=", "position"=>"1", "such_type"=>"ShibeBarracks", "commit"=>"createShibeBarracks"}
I, [2014-02-19T15:51:01.002125 #11281]  INFO -- : Redirected to http://www.dogefun.com/
I, [2014-02-19T15:51:01.002500 #11281]  INFO -- : Completed 302 Found in 30ms (ActiveRecord: 23.7ms)
I, [2014-02-19T15:51:01.368853 #11283]  INFO -- : Started GET "/" for 190.56.254.117 at 2014-02-19 15:51:01 +0000
I, [2014-02-19T15:51:01.370868 #11283]  INFO -- : Processing by SuchCommandCenterController#index as HTML
I, [2014-02-19T15:51:01.413266 #11283]  INFO -- :   Rendered such_command_center/index.html.erb within layouts/application (40.8ms)
I, [2014-02-19T15:51:01.414860 #11283]  INFO -- : Completed 200 OK in 44ms (Views: 38.7ms | ActiveRecord: 4.1ms)
I, [2014-02-19T15:51:12.644525 #11281]  INFO -- : Started GET "/" for 190.56.254.117 at 2014-02-19 15:51:12 +0000
I, [2014-02-19T15:51:12.646512 #11281]  INFO -- : Processing by SuchCommandCenterController#index as HTML
I, [2014-02-19T15:51:12.684064 #11281]  INFO -- :   Rendered such_command_center/index.html.erb within layouts/application (36.2ms)
I, [2014-02-19T15:51:12.685916 #11281]  INFO -- : Completed 200 OK in 39ms (Views: 35.0ms | ActiveRecord: 3.3ms)
I, [2014-02-19T16:02:43.037268 #11283]  INFO -- : Started GET "/" for 190.5.117.234 at 2014-02-19 16:02:43 +0000
I, [2014-02-19T16:02:43.039229 #11283]  INFO -- : Processing by SuchCommandCenterController#index as HTML
I, [2014-02-19T16:02:43.056664 #11283]  INFO -- :   Rendered such_command_center/index.html.erb within layouts/application (16.0ms)
I, [2014-02-19T16:02:43.058262 #11283]  INFO -- : Completed 200 OK in 19ms (Views: 14.9ms | ActiveRecord: 3.1ms)
I, [2014-02-19T16:02:43.238734 #11281]  INFO -- : Started GET "/assets/scaffolds-ba9867be7e07780f1577af65144b7bfe.css" for 190.5.117.234 at 2014-02-19 16:02:43 +0000
I, [2014-02-19T16:04:56.306516 #11281]  INFO -- : Started GET "/" for 190.5.117.234 at 2014-02-19 16:04:56 +0000
I, [2014-02-19T16:04:56.308753 #11281]  INFO -- : Processing by SuchCommandCenterController#index as HTML
I, [2014-02-19T16:04:56.326663 #11281]  INFO -- :   Rendered such_command_center/index.html.erb within layouts/application (16.2ms)
I, [2014-02-19T16:04:56.328497 #11281]  INFO -- : Completed 200 OK in 19ms (Views: 15.2ms | ActiveRecord: 3.1ms)
I, [2014-02-19T16:04:57.029172 #11283]  INFO -- : Started GET "/assets/scaffolds-ba9867be7e07780f1577af65144b7bfe.css" for 190.5.117.234 at 2014-02-19 16:04:57 +0000
I, [2014-02-19T16:11:18.848616 #11283]  INFO -- : Started POST "/very_loots" for 190.56.254.117 at 2014-02-19 16:11:18 +0000
I, [2014-02-19T16:11:18.851461 #11283]  INFO -- : Processing by VeryLootsController#create as HTML
I, [2014-02-19T16:11:18.851556 #11283]  INFO -- :   Parameters: {"utf8"=>"✓", "authenticity_token"=>"chptCp8BomviRpi7CYDuFIGFt/a4967eVIJjkjccoLY=", "commit"=>"much energy loot"}
I, [2014-02-19T16:11:18.886971 #11283]  INFO -- : Redirected to http://www.dogefun.com/
I, [2014-02-19T16:11:18.887347 #11283]  INFO -- : Completed 302 Found in 36ms (ActiveRecord: 20.3ms)
I, [2014-02-19T16:11:19.177520 #11281]  INFO -- : Started GET "/" for 190.56.254.117 at 2014-02-19 16:11:19 +0000
I, [2014-02-19T16:11:19.179630 #11281]  INFO -- : Processing by SuchCommandCenterController#index as HTML
I, [2014-02-19T16:11:19.217635 #11281]  INFO -- :   Rendered such_command_center/index.html.erb within layouts/application (36.3ms)
I, [2014-02-19T16:11:19.219517 #11281]  INFO -- : Completed 200 OK in 40ms (Views: 35.1ms | ActiveRecord: 3.5ms)
I, [2014-02-19T16:19:56.402591 #11283]  INFO -- : Started GET "/" for 190.5.117.234 at 2014-02-19 16:19:56 +0000
I, [2014-02-19T16:19:56.405372 #11283]  INFO -- : Processing by SuchCommandCenterController#index as HTML
I, [2014-02-19T16:19:56.424553 #11283]  INFO -- :   Rendered such_command_center/index.html.erb within layouts/application (17.3ms)
I, [2014-02-19T16:19:56.426519 #11283]  INFO -- : Completed 200 OK in 21ms (Views: 16.6ms | ActiveRecord: 3.1ms)
I, [2014-02-19T16:19:56.611122 #11281]  INFO -- : Started GET "/assets/scaffolds-ba9867be7e07780f1577af65144b7bfe.css" for 190.5.117.234 at 2014-02-19 16:19:56 +0000
I, [2014-02-19T16:20:02.293923 #11281]  INFO -- : Started POST "/very_buildings" for 190.5.117.234 at 2014-02-19 16:20:02 +0000
I, [2014-02-19T16:20:02.296177 #11281]  INFO -- : Processing by VeryBuildingsController#create as HTML
I, [2014-02-19T16:20:02.296284 #11281]  INFO -- :   Parameters: {"utf8"=>"✓", "authenticity_token"=>"iSLzHk/JfIJeG3eAtizNG4MbLTBxT0kYXPL16m6W0Ew=", "position"=>"0", "such_type"=>"ShibeBarracks", "commit"=>"createShibeBarracks"}
I, [2014-02-19T16:20:02.298804 #11281]  INFO -- : Redirected to http://www.dogefun.com/
I, [2014-02-19T16:20:02.299019 #11281]  INFO -- : Completed 302 Found in 3ms (ActiveRecord: 0.2ms)
I, [2014-02-19T16:20:02.478981 #11283]  INFO -- : Started GET "/" for 190.5.117.234 at 2014-02-19 16:20:02 +0000
I, [2014-02-19T16:20:02.480937 #11283]  INFO -- : Processing by SuchCommandCenterController#index as HTML
I, [2014-02-19T16:20:02.498358 #11283]  INFO -- :   Rendered such_command_center/index.html.erb within layouts/application (15.7ms)
I, [2014-02-19T16:20:02.499860 #11283]  INFO -- : Completed 200 OK in 19ms (Views: 14.8ms | ActiveRecord: 3.0ms)
I, [2014-02-19T16:20:02.689286 #11281]  INFO -- : Started GET "/assets/scaffolds-ba9867be7e07780f1577af65144b7bfe.css" for 190.5.117.234 at 2014-02-19 16:20:02 +0000
I, [2014-02-19T16:20:10.931409 #11281]  INFO -- : Started GET "/" for 190.56.254.117 at 2014-02-19 16:20:10 +0000
I, [2014-02-19T16:20:10.933475 #11281]  INFO -- : Processing by SuchCommandCenterController#index as HTML
I, [2014-02-19T16:20:10.976824 #11281]  INFO -- :   Rendered such_command_center/index.html.erb within layouts/application (41.9ms)
I, [2014-02-19T16:20:10.978563 #11281]  INFO -- : Completed 200 OK in 45ms (Views: 40.2ms | ActiveRecord: 3.7ms)
I, [2014-02-19T16:20:14.236873 #11283]  INFO -- : Started POST "/very_buildings" for 190.5.117.234 at 2014-02-19 16:20:14 +0000
I, [2014-02-19T16:20:14.240156 #11283]  INFO -- : Processing by VeryBuildingsController#create as HTML
I, [2014-02-19T16:20:14.240300 #11283]  INFO -- :   Parameters: {"utf8"=>"✓", "authenticity_token"=>"iSLzHk/JfIJeG3eAtizNG4MbLTBxT0kYXPL16m6W0Ew=", "position"=>"0", "such_type"=>"MuchDefense", "commit"=>"createMuchDefense"}
I, [2014-02-19T16:20:14.243035 #11283]  INFO -- : Redirected to http://www.dogefun.com/
I, [2014-02-19T16:20:14.243293 #11283]  INFO -- : Completed 302 Found in 3ms (ActiveRecord: 0.2ms)
I, [2014-02-19T16:20:14.423705 #11281]  INFO -- : Started GET "/" for 190.5.117.234 at 2014-02-19 16:20:14 +0000
I, [2014-02-19T16:20:14.425579 #11281]  INFO -- : Processing by SuchCommandCenterController#index as HTML
I, [2014-02-19T16:20:14.500246 #11281]  INFO -- :   Rendered such_command_center/index.html.erb within layouts/application (73.3ms)
I, [2014-02-19T16:20:14.502087 #11281]  INFO -- : Completed 200 OK in 76ms (Views: 67.9ms | ActiveRecord: 7.5ms)
I, [2014-02-19T16:20:14.754733 #11283]  INFO -- : Started GET "/assets/scaffolds-ba9867be7e07780f1577af65144b7bfe.css" for 190.5.117.234 at 2014-02-19 16:20:14 +0000
I, [2014-02-19T16:20:16.494136 #11281]  INFO -- : Started GET "/" for 190.5.117.234 at 2014-02-19 16:20:16 +0000
I, [2014-02-19T16:20:16.496875 #11281]  INFO -- : Processing by SuchCommandCenterController#index as HTML
I, [2014-02-19T16:20:16.516141 #11281]  INFO -- :   Rendered such_command_center/index.html.erb within layouts/application (17.2ms)
I, [2014-02-19T16:20:16.517790 #11281]  INFO -- : Completed 200 OK in 21ms (Views: 16.3ms | ActiveRecord: 3.1ms)
I, [2014-02-19T16:20:16.710534 #11283]  INFO -- : Started GET "/assets/scaffolds-ba9867be7e07780f1577af65144b7bfe.css" for 190.5.117.234 at 2014-02-19 16:20:16 +0000
I, [2014-02-19T16:20:18.809054 #11283]  INFO -- : Started GET "/" for 190.56.254.117 at 2014-02-19 16:20:18 +0000
I, [2014-02-19T16:20:18.812501 #11283]  INFO -- : Processing by SuchCommandCenterController#index as HTML
I, [2014-02-19T16:20:18.859775 #11283]  INFO -- :   Rendered such_command_center/index.html.erb within layouts/application (40.8ms)
I, [2014-02-19T16:20:18.861640 #11283]  INFO -- : Completed 200 OK in 49ms (Views: 39.7ms | ActiveRecord: 3.5ms)
I, [2014-02-19T16:20:21.399051 #11281]  INFO -- : Started GET "/" for 190.56.254.117 at 2014-02-19 16:20:21 +0000
I, [2014-02-19T16:20:21.400867 #11281]  INFO -- : Processing by SuchCommandCenterController#index as HTML
I, [2014-02-19T16:20:21.438111 #11281]  INFO -- :   Rendered such_command_center/index.html.erb within layouts/application (35.9ms)
I, [2014-02-19T16:20:21.439423 #11281]  INFO -- : Completed 200 OK in 38ms (Views: 34.0ms | ActiveRecord: 3.5ms)
I, [2014-02-19T16:33:29.913002 #11283]  INFO -- : Started GET "/" for 190.5.117.234 at 2014-02-19 16:33:29 +0000
I, [2014-02-19T16:33:29.915026 #11283]  INFO -- : Processing by SuchCommandCenterController#index as HTML
I, [2014-02-19T16:33:29.933185 #11283]  INFO -- :   Rendered such_command_center/index.html.erb within layouts/application (16.7ms)
I, [2014-02-19T16:33:29.934773 #11283]  INFO -- : Completed 200 OK in 20ms (Views: 15.5ms | ActiveRecord: 3.2ms)
I, [2014-02-19T16:33:30.119903 #11281]  INFO -- : Started GET "/assets/scaffolds-ba9867be7e07780f1577af65144b7bfe.css" for 190.5.117.234 at 2014-02-19 16:33:30 +0000
I, [2014-02-19T16:38:34.577635 #14401]  INFO -- : Started GET "/" for 190.5.117.234 at 2014-02-19 16:38:34 +0000
I, [2014-02-19T16:38:34.595672 #14401]  INFO -- : Processing by SuchCommandCenterController#index as HTML
I, [2014-02-19T16:38:34.723319 #14401]  INFO -- :   Rendered such_command_center/index.html.erb within layouts/application (84.7ms)
I, [2014-02-19T16:38:34.731623 #14401]  INFO -- : Completed 200 OK in 136ms (Views: 86.0ms | ActiveRecord: 9.5ms)
I, [2014-02-19T16:38:34.925478 #14404]  INFO -- : Started GET "/assets/scaffolds-ba9867be7e07780f1577af65144b7bfe.css" for 190.5.117.234 at 2014-02-19 16:38:34 +0000
I, [2014-02-19T16:44:03.165108 #14453]  INFO -- : Started GET "/" for 190.5.117.234 at 2014-02-19 16:44:03 +0000
I, [2014-02-19T16:44:03.182958 #14453]  INFO -- : Processing by SuchCommandCenterController#index as HTML
I, [2014-02-19T16:44:03.311072 #14453]  INFO -- :   Rendered such_command_center/index.html.erb within layouts/application (83.8ms)
I, [2014-02-19T16:44:03.319808 #14453]  INFO -- : Completed 200 OK in 136ms (Views: 85.5ms | ActiveRecord: 9.7ms)
I, [2014-02-19T16:44:04.999965 #14455]  INFO -- : Started GET "/assets/scaffolds-ba9867be7e07780f1577af65144b7bfe.css" for 190.5.117.234 at 2014-02-19 16:44:04 +0000
I, [2014-02-19T16:50:25.222148 #14453]  INFO -- : Started GET "/" for 190.5.117.234 at 2014-02-19 16:50:25 +0000
I, [2014-02-19T16:50:25.226186 #14453]  INFO -- : Processing by SuchCommandCenterController#index as HTML
I, [2014-02-19T16:50:25.246521 #14453]  INFO -- :   Rendered such_command_center/index.html.erb within layouts/application (18.5ms)
I, [2014-02-19T16:50:25.248972 #14453]  INFO -- : Completed 200 OK in 23ms (Views: 18.2ms | ActiveRecord: 3.2ms)
I, [2014-02-19T16:50:25.428800 #14455]  INFO -- : Started GET "/assets/scaffolds-ba9867be7e07780f1577af65144b7bfe.css" for 190.5.117.234 at 2014-02-19 16:50:25 +0000
I, [2014-02-19T16:50:44.326819 #14453]  INFO -- : Started GET "/" for 66.249.78.225 at 2014-02-19 16:50:44 +0000
I, [2014-02-19T16:50:44.328838 #14453]  INFO -- : Processing by SuchCommandCenterController#index as */*
I, [2014-02-19T16:50:44.336138 #14453]  INFO -- :   Rendered such_command_center/index.html.erb within layouts/application (3.0ms)
I, [2014-02-19T16:50:44.338103 #14453]  INFO -- : Completed 200 OK in 9ms (Views: 8.5ms | ActiveRecord: 0.0ms)
I, [2014-02-19T16:58:54.497629 #14455]  INFO -- : Started GET "/" for 190.5.117.234 at 2014-02-19 16:58:54 +0000
I, [2014-02-19T16:58:54.501653 #14455]  INFO -- : Processing by SuchCommandCenterController#index as HTML
I, [2014-02-19T16:58:54.545998 #14455]  INFO -- :   Rendered such_command_center/index.html.erb within layouts/application (2.9ms)
I, [2014-02-19T16:58:54.548794 #14455]  INFO -- : Completed 200 OK in 47ms (Views: 8.2ms | ActiveRecord: 0.0ms)
I, [2014-02-19T16:58:54.814223 #14453]  INFO -- : Started GET "/assets/scaffolds-ba9867be7e07780f1577af65144b7bfe.css" for 190.5.117.234 at 2014-02-19 16:58:54 +0000
I, [2014-02-19T16:59:19.733919 #14455]  INFO -- : Started GET "/auth/facebook" for 190.5.117.234 at 2014-02-19 16:59:19 +0000
I, [2014-02-19T16:59:19.735024 #14455]  INFO -- : (facebook) Request phase initiated.
I, [2014-02-19T17:00:10.134038 #14453]  INFO -- : Started GET "/" for 190.5.117.234 at 2014-02-19 17:00:10 +0000
I, [2014-02-19T17:00:10.136650 #14453]  INFO -- : Processing by SuchCommandCenterController#index as HTML
I, [2014-02-19T17:00:10.138702 #14453]  INFO -- :   Rendered such_command_center/index.html.erb within layouts/application (0.2ms)
I, [2014-02-19T17:00:10.139983 #14453]  INFO -- : Completed 200 OK in 3ms (Views: 2.0ms | ActiveRecord: 0.0ms)
I, [2014-02-19T17:00:14.701622 #14455]  INFO -- : Started GET "/auth/facebook" for 190.5.117.234 at 2014-02-19 17:00:14 +0000
I, [2014-02-19T17:00:14.702635 #14455]  INFO -- : (facebook) Request phase initiated.
I, [2014-02-19T17:00:20.373799 #14453]  INFO -- : Started GET "/auth/facebook/callback?code=AQCgZxxf3VccpY5p5qX4mQMEgJrgjCPGC6kwGuKDmOdkiGJlPdKKeFlmjYWTe-qv3R6BlpmRYNcjLpdBLpttiVZT_tN17OANwDH6p9uGP-49hepIlnp_9wMDjPzZXTb1eJh9VqjoYp65JTURfoSsKMYqxYakMHA7V3GMgk1fIum1qo1Q4aGOpnAsA6qnHNKOVcyd-WmDqR5pq5XkXG3hTvMxlzahudQTvCwPUL5XmXw9Rr-zirT0kVXdwlV3ZGl0ElWNeuvj2cs34pX2Hz7foFJXkzpgwDnWs-OXfroPba7Vf3KdgS2RaxpAsUYL_B77Py4" for 190.5.117.234 at 2014-02-19 17:00:20 +0000
I, [2014-02-19T17:00:20.374591 #14453]  INFO -- : (facebook) Callback phase initiated.
I, [2014-02-19T17:00:20.805518 #14453]  INFO -- : Processing by SessionsController#create as HTML
I, [2014-02-19T17:00:20.805718 #14453]  INFO -- :   Parameters: {"code"=>"AQCgZxxf3VccpY5p5qX4mQMEgJrgjCPGC6kwGuKDmOdkiGJlPdKKeFlmjYWTe-qv3R6BlpmRYNcjLpdBLpttiVZT_tN17OANwDH6p9uGP-49hepIlnp_9wMDjPzZXTb1eJh9VqjoYp65JTURfoSsKMYqxYakMHA7V3GMgk1fIum1qo1Q4aGOpnAsA6qnHNKOVcyd-WmDqR5pq5XkXG3hTvMxlzahudQTvCwPUL5XmXw9Rr-zirT0kVXdwlV3ZGl0ElWNeuvj2cs34pX2Hz7foFJXkzpgwDnWs-OXfroPba7Vf3KdgS2RaxpAsUYL_B77Py4", "provider"=>"facebook"}
I, [2014-02-19T17:00:20.865839 #14453]  INFO -- : Redirected to http://www.dogefun.com/
I, [2014-02-19T17:00:20.866319 #14453]  INFO -- : Completed 302 Found in 60ms (ActiveRecord: 14.2ms)
I, [2014-02-19T17:00:21.035797 #14455]  INFO -- : Started GET "/" for 190.5.117.234 at 2014-02-19 17:00:21 +0000
I, [2014-02-19T17:00:21.038894 #14455]  INFO -- : Processing by SuchCommandCenterController#index as HTML
I, [2014-02-19T17:00:21.124134 #14455]  INFO -- :   Rendered such_command_center/index.html.erb within layouts/application (83.6ms)
I, [2014-02-19T17:00:21.125872 #14455]  INFO -- : Completed 200 OK in 87ms (Views: 78.3ms | ActiveRecord: 7.7ms)
I, [2014-02-19T17:00:32.446743 #14453]  INFO -- : Started POST "/very_loots" for 190.5.117.234 at 2014-02-19 17:00:32 +0000
I, [2014-02-19T17:00:32.451277 #14453]  INFO -- : Processing by VeryLootsController#create as HTML
I, [2014-02-19T17:00:32.451411 #14453]  INFO -- :   Parameters: {"utf8"=>"✓", "authenticity_token"=>"pxk9h/lEX+niz1QEy+d43cD1IOICrhmb3ExrNVd3HAs=", "commit"=>"much energy loot"}
I, [2014-02-19T17:00:32.476115 #14453]  INFO -- : Redirected to http://www.dogefun.com/
I, [2014-02-19T17:00:32.476483 #14453]  INFO -- : Completed 302 Found in 25ms (ActiveRecord: 12.1ms)
I, [2014-02-19T17:00:32.648593 #14455]  INFO -- : Started GET "/" for 190.5.117.234 at 2014-02-19 17:00:32 +0000
I, [2014-02-19T17:00:32.651354 #14455]  INFO -- : Processing by SuchCommandCenterController#index as HTML
I, [2014-02-19T17:00:32.759186 #14455]  INFO -- :   Rendered such_command_center/index.html.erb within layouts/application (105.9ms)
I, [2014-02-19T17:00:32.761165 #14455]  INFO -- : Completed 200 OK in 110ms (Views: 102.5ms | ActiveRecord: 5.9ms)
I, [2014-02-19T17:00:54.456880 #14453]  INFO -- : Started POST "/very_buildings" for 190.5.117.234 at 2014-02-19 17:00:54 +0000
I, [2014-02-19T17:00:54.460905 #14453]  INFO -- : Processing by VeryBuildingsController#create as HTML
