I, [2014-02-18T22:33:04.223232 #10374]  INFO -- : Started DELETE "/very_buildings/4" for 190.5.117.234 at 2014-02-18 22:33:04 +0000
I, [2014-02-18T22:33:04.226044 #10374]  INFO -- : Processing by VeryBuildingsController#destroy as HTML
I, [2014-02-18T22:33:04.226160 #10374]  INFO -- :   Parameters: {"authenticity_token"=>"qfi9jjczZPQkjyYWzJsEzOqpQT8vkZ6koPMOmaDYCok=", "id"=>"4"}
I, [2014-02-18T22:33:04.235611 #10374]  INFO -- : Redirected to http://www.dogefun.com/very_buildings
I, [2014-02-18T22:33:04.235902 #10374]  INFO -- : Completed 302 Found in 10ms (ActiveRecord: 5.9ms)
I, [2014-02-18T22:33:04.407231 #10377]  INFO -- : Started GET "/very_buildings" for 190.5.117.234 at 2014-02-18 22:33:04 +0000
I, [2014-02-18T22:33:04.409405 #10377]  INFO -- : Processing by VeryBuildingsController#index as HTML
I, [2014-02-18T22:33:04.417275 #10377]  INFO -- :   Rendered very_buildings/index.html.erb within layouts/application (6.2ms)
I, [2014-02-18T22:33:04.419766 #10377]  INFO -- : Completed 200 OK in 10ms (Views: 8.5ms | ActiveRecord: 0.5ms)
I, [2014-02-18T22:33:04.596301 #10374]  INFO -- : Started GET "/assets/scaffolds-ba9867be7e07780f1577af65144b7bfe.css" for 190.5.117.234 at 2014-02-18 22:33:04 +0000
I, [2014-02-18T22:33:06.588992 #10374]  INFO -- : Started DELETE "/very_buildings/5" for 190.5.117.234 at 2014-02-18 22:33:06 +0000
I, [2014-02-18T22:33:06.591184 #10374]  INFO -- : Processing by VeryBuildingsController#destroy as HTML
I, [2014-02-18T22:33:06.591284 #10374]  INFO -- :   Parameters: {"authenticity_token"=>"qfi9jjczZPQkjyYWzJsEzOqpQT8vkZ6koPMOmaDYCok=", "id"=>"5"}
I, [2014-02-18T22:33:06.602727 #10374]  INFO -- : Redirected to http://www.dogefun.com/very_buildings
I, [2014-02-18T22:33:06.603074 #10374]  INFO -- : Completed 302 Found in 12ms (ActiveRecord: 8.1ms)
I, [2014-02-18T22:33:06.773803 #10377]  INFO -- : Started GET "/very_buildings" for 190.5.117.234 at 2014-02-18 22:33:06 +0000
I, [2014-02-18T22:33:06.775857 #10377]  INFO -- : Processing by VeryBuildingsController#index as HTML
I, [2014-02-18T22:33:06.782698 #10377]  INFO -- :   Rendered very_buildings/index.html.erb within layouts/application (5.0ms)
I, [2014-02-18T22:33:06.785397 #10377]  INFO -- : Completed 200 OK in 9ms (Views: 7.6ms | ActiveRecord: 0.6ms)
I, [2014-02-18T22:33:06.972552 #10374]  INFO -- : Started GET "/assets/scaffolds-ba9867be7e07780f1577af65144b7bfe.css" for 190.5.117.234 at 2014-02-18 22:33:06 +0000
I, [2014-02-18T22:33:09.105533 #10374]  INFO -- : Started DELETE "/very_buildings/3" for 190.5.117.234 at 2014-02-18 22:33:09 +0000
I, [2014-02-18T22:33:09.107730 #10374]  INFO -- : Processing by VeryBuildingsController#destroy as HTML
I, [2014-02-18T22:33:09.107832 #10374]  INFO -- :   Parameters: {"authenticity_token"=>"qfi9jjczZPQkjyYWzJsEzOqpQT8vkZ6koPMOmaDYCok=", "id"=>"3"}
I, [2014-02-18T22:33:09.117685 #10374]  INFO -- : Redirected to http://www.dogefun.com/very_buildings
I, [2014-02-18T22:33:09.117994 #10374]  INFO -- : Completed 302 Found in 10ms (ActiveRecord: 6.7ms)
I, [2014-02-18T22:33:09.289767 #10377]  INFO -- : Started GET "/very_buildings" for 190.5.117.234 at 2014-02-18 22:33:09 +0000
I, [2014-02-18T22:33:09.292059 #10377]  INFO -- : Processing by VeryBuildingsController#index as HTML
I, [2014-02-18T22:33:09.298579 #10377]  INFO -- :   Rendered very_buildings/index.html.erb within layouts/application (4.4ms)
I, [2014-02-18T22:33:09.301642 #10377]  INFO -- : Completed 200 OK in 9ms (Views: 7.3ms | ActiveRecord: 0.6ms)
I, [2014-02-18T22:33:09.486632 #10374]  INFO -- : Started GET "/assets/scaffolds-ba9867be7e07780f1577af65144b7bfe.css" for 190.5.117.234 at 2014-02-18 22:33:09 +0000
I, [2014-02-18T22:33:11.023679 #10374]  INFO -- : Started DELETE "/very_buildings/6" for 190.5.117.234 at 2014-02-18 22:33:11 +0000
I, [2014-02-18T22:33:11.025951 #10374]  INFO -- : Processing by VeryBuildingsController#destroy as HTML
I, [2014-02-18T22:33:11.026052 #10374]  INFO -- :   Parameters: {"authenticity_token"=>"qfi9jjczZPQkjyYWzJsEzOqpQT8vkZ6koPMOmaDYCok=", "id"=>"6"}
I, [2014-02-18T22:33:11.034463 #10374]  INFO -- : Redirected to http://www.dogefun.com/very_buildings
I, [2014-02-18T22:33:11.034735 #10374]  INFO -- : Completed 302 Found in 9ms (ActiveRecord: 5.6ms)
I, [2014-02-18T22:33:11.211827 #10377]  INFO -- : Started GET "/very_buildings" for 190.5.117.234 at 2014-02-18 22:33:11 +0000
I, [2014-02-18T22:33:11.214021 #10377]  INFO -- : Processing by VeryBuildingsController#index as HTML
I, [2014-02-18T22:33:11.219246 #10377]  INFO -- :   Rendered very_buildings/index.html.erb within layouts/application (3.4ms)
I, [2014-02-18T22:33:11.222250 #10377]  INFO -- : Completed 200 OK in 8ms (Views: 6.2ms | ActiveRecord: 0.6ms)
I, [2014-02-18T22:33:11.418856 #10374]  INFO -- : Started GET "/assets/scaffolds-ba9867be7e07780f1577af65144b7bfe.css" for 190.5.117.234 at 2014-02-18 22:33:11 +0000
I, [2014-02-18T22:33:17.443272 #10374]  INFO -- : Started GET "/" for 190.5.117.234 at 2014-02-18 22:33:17 +0000
I, [2014-02-18T22:33:17.445517 #10374]  INFO -- : Processing by SuchCommandCenterController#index as HTML
I, [2014-02-18T22:33:17.474411 #10374]  INFO -- :   Rendered such_command_center/index.html.erb within layouts/application (27.1ms)
I, [2014-02-18T22:33:17.476164 #10374]  INFO -- : Completed 200 OK in 30ms (Views: 26.3ms | ActiveRecord: 3.1ms)
I, [2014-02-18T22:33:17.659682 #10377]  INFO -- : Started GET "/assets/scaffolds-ba9867be7e07780f1577af65144b7bfe.css" for 190.5.117.234 at 2014-02-18 22:33:17 +0000
I, [2014-02-18T22:36:09.918079 #10377]  INFO -- : Started GET "/" for 190.5.117.234 at 2014-02-18 22:36:09 +0000
I, [2014-02-18T22:36:09.921580 #10377]  INFO -- : Processing by SuchCommandCenterController#index as HTML
I, [2014-02-18T22:36:10.041711 #10377]  INFO -- :   Rendered such_command_center/index.html.erb within layouts/application (116.0ms)
I, [2014-02-18T22:36:10.043641 #10377]  INFO -- : Completed 200 OK in 122ms (Views: 116.0ms | ActiveRecord: 3.8ms)
I, [2014-02-18T22:36:13.825980 #10374]  INFO -- : Started GET "/assets/scaffolds-ba9867be7e07780f1577af65144b7bfe.css" for 190.5.117.234 at 2014-02-18 22:36:13 +0000
I, [2014-02-18T22:42:16.294806 #10374]  INFO -- : Started GET "/" for 190.5.117.234 at 2014-02-18 22:42:16 +0000
I, [2014-02-18T22:42:16.297204 #10374]  INFO -- : Processing by SuchCommandCenterController#index as HTML
I, [2014-02-18T22:42:16.318618 #10374]  INFO -- :   Rendered such_command_center/index.html.erb within layouts/application (19.8ms)
I, [2014-02-18T22:42:16.320029 #10374]  INFO -- : Completed 200 OK in 23ms (Views: 18.7ms | ActiveRecord: 2.9ms)
I, [2014-02-18T22:42:16.484307 #10377]  INFO -- : Started GET "/assets/scaffolds-ba9867be7e07780f1577af65144b7bfe.css" for 190.5.117.234 at 2014-02-18 22:42:16 +0000
I, [2014-02-18T22:47:59.630463 #10660]  INFO -- : Started GET "/" for 190.5.117.234 at 2014-02-18 22:47:59 +0000
I, [2014-02-18T22:47:59.650061 #10660]  INFO -- : Processing by SuchCommandCenterController#index as HTML
I, [2014-02-18T22:47:59.758232 #10660]  INFO -- :   Rendered such_command_center/index.html.erb within layouts/application (78.0ms)
I, [2014-02-18T22:47:59.758538 #10660]  INFO -- : Completed 500 Internal Server Error in 108ms
F, [2014-02-18T22:47:59.761807 #10660] FATAL -- : 
ActionView::Template::Error (undefined local variable or method `type' for #<#<Class:0x00000003bee1c0>:0x00000003becd98>):
    37:   	      <%= form_for(VeryBuilding.new) do |f| %>
    38:                 <div class="actions">
    39:                   <%= hidden_field_tag "position", i.to_s %>
    40:                   <%= hidden_field_tag "such_type", type[j] %>
    41:                   <%= f.submit "create"+type[j] %>
    42:                 </div>
    43:               <% end %>
  app/views/such_command_center/index.html.erb:40:in `block (3 levels) in _app_views_such_command_center_index_html_erb___3899080144448051715_31453960'
  app/views/such_command_center/index.html.erb:37:in `block (2 levels) in _app_views_such_command_center_index_html_erb___3899080144448051715_31453960'
  app/views/such_command_center/index.html.erb:36:in `block in _app_views_such_command_center_index_html_erb___3899080144448051715_31453960'
  app/views/such_command_center/index.html.erb:28:in `_app_views_such_command_center_index_html_erb___3899080144448051715_31453960'


I, [2014-02-18T22:48:37.909302 #10693]  INFO -- : Started GET "/" for 190.5.117.234 at 2014-02-18 22:48:37 +0000
I, [2014-02-18T22:48:37.937995 #10693]  INFO -- : Processing by SuchCommandCenterController#index as HTML
I, [2014-02-18T22:48:38.026840 #10690]  INFO -- : Started GET "/" for 190.5.117.234 at 2014-02-18 22:48:38 +0000
I, [2014-02-18T22:48:38.051271 #10690]  INFO -- : Processing by SuchCommandCenterController#index as HTML
I, [2014-02-18T22:48:38.073034 #10693]  INFO -- :   Rendered such_command_center/index.html.erb within layouts/application (104.1ms)
I, [2014-02-18T22:48:38.087733 #10693]  INFO -- : Completed 200 OK in 149ms (Views: 101.3ms | ActiveRecord: 19.6ms)
I, [2014-02-18T22:48:38.173591 #10690]  INFO -- :   Rendered such_command_center/index.html.erb within layouts/application (76.8ms)
I, [2014-02-18T22:48:38.179636 #10690]  INFO -- : Completed 200 OK in 128ms (Views: 77.3ms | ActiveRecord: 7.4ms)
I, [2014-02-18T22:48:38.364231 #10693]  INFO -- : Started GET "/assets/scaffolds-ba9867be7e07780f1577af65144b7bfe.css" for 190.5.117.234 at 2014-02-18 22:48:38 +0000
I, [2014-02-18T22:48:52.293382 #10690]  INFO -- : Started POST "/very_buildings" for 190.5.117.234 at 2014-02-18 22:48:52 +0000
I, [2014-02-18T22:48:52.297365 #10690]  INFO -- : Processing by VeryBuildingsController#create as HTML
I, [2014-02-18T22:48:52.297578 #10690]  INFO -- :   Parameters: {"utf8"=>"✓", "authenticity_token"=>"qfi9jjczZPQkjyYWzJsEzOqpQT8vkZ6koPMOmaDYCok=", "position"=>"3", "such_type"=>"ShibeBarracks", "commit"=>"createShibeBarracks"}
I, [2014-02-18T22:48:52.323744 #10690]  INFO -- : Redirected to http://www.dogefun.com/very_buildings/8
I, [2014-02-18T22:48:52.324214 #10690]  INFO -- : Completed 302 Found in 26ms (ActiveRecord: 16.9ms)
I, [2014-02-18T22:48:52.497398 #10693]  INFO -- : Started GET "/very_buildings/8" for 190.5.117.234 at 2014-02-18 22:48:52 +0000
I, [2014-02-18T22:48:52.501744 #10693]  INFO -- : Processing by VeryBuildingsController#show as HTML
I, [2014-02-18T22:48:52.501882 #10693]  INFO -- :   Parameters: {"id"=>"8"}
I, [2014-02-18T22:48:52.510418 #10693]  INFO -- :   Rendered very_buildings/show.html.erb within layouts/application (2.3ms)
I, [2014-02-18T22:48:52.513984 #10693]  INFO -- : Completed 200 OK in 12ms (Views: 7.5ms | ActiveRecord: 0.8ms)
I, [2014-02-18T22:48:54.778472 #10690]  INFO -- : Started GET "/assets/scaffolds-ba9867be7e07780f1577af65144b7bfe.css" for 190.5.117.234 at 2014-02-18 22:48:54 +0000
I, [2014-02-18T22:49:01.082895 #10693]  INFO -- : Started GET "/" for 190.5.117.234 at 2014-02-18 22:49:01 +0000
I, [2014-02-18T22:49:01.086501 #10693]  INFO -- : Processing by SuchCommandCenterController#index as HTML
I, [2014-02-18T22:49:01.172352 #10693]  INFO -- :   Rendered such_command_center/index.html.erb within layouts/application (84.1ms)
I, [2014-02-18T22:49:01.173700 #10693]  INFO -- : Completed 200 OK in 87ms (Views: 80.2ms | ActiveRecord: 5.8ms)
I, [2014-02-18T22:49:01.362787 #10690]  INFO -- : Started GET "/assets/scaffolds-ba9867be7e07780f1577af65144b7bfe.css" for 190.5.117.234 at 2014-02-18 22:49:01 +0000
I, [2014-02-18T22:49:37.893080 #10690]  INFO -- : Started POST "/very_buildings" for 190.5.117.234 at 2014-02-18 22:49:37 +0000
I, [2014-02-18T22:49:37.896375 #10690]  INFO -- : Processing by VeryBuildingsController#create as HTML
I, [2014-02-18T22:49:37.896502 #10690]  INFO -- :   Parameters: {"utf8"=>"✓", "authenticity_token"=>"qfi9jjczZPQkjyYWzJsEzOqpQT8vkZ6koPMOmaDYCok=", "position"=>"4", "such_type"=>"SuchGenerator", "commit"=>"createSuchGenerator"}
I, [2014-02-18T22:49:37.907963 #10690]  INFO -- : Redirected to http://www.dogefun.com/very_buildings/9
I, [2014-02-18T22:49:37.908302 #10690]  INFO -- : Completed 302 Found in 12ms (ActiveRecord: 6.4ms)
I, [2014-02-18T22:49:38.091865 #10693]  INFO -- : Started GET "/very_buildings/9" for 190.5.117.234 at 2014-02-18 22:49:38 +0000
I, [2014-02-18T22:49:38.096056 #10693]  INFO -- : Processing by VeryBuildingsController#show as HTML
I, [2014-02-18T22:49:38.096180 #10693]  INFO -- :   Parameters: {"id"=>"9"}
I, [2014-02-18T22:49:38.100579 #10693]  INFO -- :   Rendered very_buildings/show.html.erb within layouts/application (0.9ms)
I, [2014-02-18T22:49:38.103158 #10693]  INFO -- : Completed 200 OK in 7ms (Views: 3.8ms | ActiveRecord: 0.5ms)
I, [2014-02-18T22:49:38.305321 #10690]  INFO -- : Started GET "/assets/scaffolds-ba9867be7e07780f1577af65144b7bfe.css" for 190.5.117.234 at 2014-02-18 22:49:38 +0000
I, [2014-02-18T22:49:42.381417 #10690]  INFO -- : Started GET "/" for 190.5.117.234 at 2014-02-18 22:49:42 +0000
I, [2014-02-18T22:49:42.384892 #10690]  INFO -- : Processing by SuchCommandCenterController#index as HTML
I, [2014-02-18T22:49:42.486211 #10690]  INFO -- :   Rendered such_command_center/index.html.erb within layouts/application (99.3ms)
I, [2014-02-18T22:49:42.488276 #10690]  INFO -- : Completed 200 OK in 103ms (Views: 98.1ms | ActiveRecord: 3.7ms)
I, [2014-02-18T22:49:42.749392 #10693]  INFO -- : Started GET "/assets/scaffolds-ba9867be7e07780f1577af65144b7bfe.css" for 190.5.117.234 at 2014-02-18 22:49:42 +0000
I, [2014-02-18T22:49:49.474210 #10693]  INFO -- : Started POST "/very_buildings" for 190.5.117.234 at 2014-02-18 22:49:49 +0000
I, [2014-02-18T22:49:49.477386 #10693]  INFO -- : Processing by VeryBuildingsController#create as HTML
I, [2014-02-18T22:49:49.477566 #10693]  INFO -- :   Parameters: {"utf8"=>"✓", "authenticity_token"=>"qfi9jjczZPQkjyYWzJsEzOqpQT8vkZ6koPMOmaDYCok=", "position"=>"5", "such_type"=>"MuchDefense", "commit"=>"createMuchDefense"}
I, [2014-02-18T22:49:49.502930 #10693]  INFO -- : Redirected to http://www.dogefun.com/very_buildings/10
I, [2014-02-18T22:49:49.503375 #10693]  INFO -- : Completed 302 Found in 26ms (ActiveRecord: 16.6ms)
I, [2014-02-18T22:49:49.697422 #10690]  INFO -- : Started GET "/very_buildings/10" for 190.5.117.234 at 2014-02-18 22:49:49 +0000
I, [2014-02-18T22:49:49.700733 #10690]  INFO -- : Processing by VeryBuildingsController#show as HTML
I, [2014-02-18T22:49:49.700899 #10690]  INFO -- :   Parameters: {"id"=>"10"}
I, [2014-02-18T22:49:49.708126 #10690]  INFO -- :   Rendered very_buildings/show.html.erb within layouts/application (2.0ms)
I, [2014-02-18T22:49:49.711660 #10690]  INFO -- : Completed 200 OK in 11ms (Views: 7.3ms | ActiveRecord: 0.7ms)
I, [2014-02-18T22:49:49.902834 #10693]  INFO -- : Started GET "/assets/scaffolds-ba9867be7e07780f1577af65144b7bfe.css" for 190.5.117.234 at 2014-02-18 22:49:49 +0000
I, [2014-02-18T22:49:53.439097 #10693]  INFO -- : Started GET "/" for 190.5.117.234 at 2014-02-18 22:49:53 +0000
I, [2014-02-18T22:49:53.441622 #10693]  INFO -- : Processing by SuchCommandCenterController#index as HTML
I, [2014-02-18T22:49:53.469612 #10693]  INFO -- :   Rendered such_command_center/index.html.erb within layouts/application (26.0ms)
I, [2014-02-18T22:49:53.471328 #10693]  INFO -- : Completed 200 OK in 29ms (Views: 25.1ms | ActiveRecord: 3.1ms)
I, [2014-02-18T22:49:53.665702 #10690]  INFO -- : Started GET "/assets/scaffolds-ba9867be7e07780f1577af65144b7bfe.css" for 190.5.117.234 at 2014-02-18 22:49:53 +0000
I, [2014-02-18T22:49:55.202726 #10690]  INFO -- : Started GET "/" for 190.5.117.234 at 2014-02-18 22:49:55 +0000
I, [2014-02-18T22:49:55.204883 #10690]  INFO -- : Processing by SuchCommandCenterController#index as HTML
I, [2014-02-18T22:49:55.225562 #10690]  INFO -- :   Rendered such_command_center/index.html.erb within layouts/application (18.7ms)
I, [2014-02-18T22:49:55.226742 #10690]  INFO -- : Completed 200 OK in 22ms (Views: 18.3ms | ActiveRecord: 2.3ms)
I, [2014-02-18T22:49:55.837113 #10693]  INFO -- : Started GET "/assets/scaffolds-ba9867be7e07780f1577af65144b7bfe.css" for 190.5.117.234 at 2014-02-18 22:49:55 +0000
I, [2014-02-18T22:52:48.900369 #10738]  INFO -- : Started GET "/" for 190.5.117.234 at 2014-02-18 22:52:48 +0000
I, [2014-02-18T22:52:48.918072 #10738]  INFO -- : Processing by SuchCommandCenterController#index as HTML
I, [2014-02-18T22:52:49.062462 #10738]  INFO -- :   Rendered such_command_center/index.html.erb within layouts/application (102.7ms)
I, [2014-02-18T22:52:49.071313 #10738]  INFO -- : Completed 200 OK in 153ms (Views: 103.9ms | ActiveRecord: 10.3ms)
I, [2014-02-18T22:52:49.232755 #10741]  INFO -- : Started GET "/assets/scaffolds-ba9867be7e07780f1577af65144b7bfe.css" for 190.5.117.234 at 2014-02-18 22:52:49 +0000
I, [2014-02-18T22:52:54.225923 #10738]  INFO -- : Started POST "/very_buildings" for 190.5.117.234 at 2014-02-18 22:52:54 +0000
I, [2014-02-18T22:52:54.230234 #10738]  INFO -- : Processing by VeryBuildingsController#create as HTML
I, [2014-02-18T22:52:54.230418 #10738]  INFO -- :   Parameters: {"utf8"=>"✓", "authenticity_token"=>"qfi9jjczZPQkjyYWzJsEzOqpQT8vkZ6koPMOmaDYCok=", "position"=>"7", "such_type"=>"MuchDefense", "commit"=>"createMuchDefense"}
I, [2014-02-18T22:52:54.262931 #10738]  INFO -- : Redirected to http://www.dogefun.com/
I, [2014-02-18T22:52:54.263367 #10738]  INFO -- : Completed 302 Found in 33ms (ActiveRecord: 18.5ms)
I, [2014-02-18T22:52:54.430074 #10741]  INFO -- : Started GET "/" for 190.5.117.234 at 2014-02-18 22:52:54 +0000
I, [2014-02-18T22:52:54.434796 #10741]  INFO -- : Processing by SuchCommandCenterController#index as HTML
I, [2014-02-18T22:52:54.576261 #10741]  INFO -- :   Rendered such_command_center/index.html.erb within layouts/application (94.1ms)
I, [2014-02-18T22:52:54.580510 #10741]  INFO -- : Completed 200 OK in 145ms (Views: 91.0ms | ActiveRecord: 9.8ms)
I, [2014-02-18T22:52:54.739753 #10738]  INFO -- : Started GET "/assets/scaffolds-ba9867be7e07780f1577af65144b7bfe.css" for 190.5.117.234 at 2014-02-18 22:52:54 +0000
I, [2014-02-18T22:52:59.955611 #10741]  INFO -- : Started POST "/very_buildings" for 190.5.117.234 at 2014-02-18 22:52:59 +0000
I, [2014-02-18T22:52:59.960571 #10741]  INFO -- : Processing by VeryBuildingsController#create as HTML
I, [2014-02-18T22:52:59.960700 #10741]  INFO -- :   Parameters: {"utf8"=>"✓", "authenticity_token"=>"qfi9jjczZPQkjyYWzJsEzOqpQT8vkZ6koPMOmaDYCok=", "position"=>"8", "such_type"=>"SuchGenerator", "commit"=>"createSuchGenerator"}
I, [2014-02-18T22:52:59.987723 #10741]  INFO -- : Redirected to http://www.dogefun.com/
I, [2014-02-18T22:52:59.988116 #10741]  INFO -- : Completed 302 Found in 27ms (ActiveRecord: 14.3ms)
I, [2014-02-18T22:53:00.156453 #10738]  INFO -- : Started GET "/" for 190.5.117.234 at 2014-02-18 22:53:00 +0000
I, [2014-02-18T22:53:00.159995 #10738]  INFO -- : Processing by SuchCommandCenterController#index as HTML
I, [2014-02-18T22:53:00.183871 #10738]  INFO -- :   Rendered such_command_center/index.html.erb within layouts/application (21.8ms)
I, [2014-02-18T22:53:00.185849 #10738]  INFO -- : Completed 200 OK in 26ms (Views: 20.9ms | ActiveRecord: 3.4ms)
I, [2014-02-18T22:53:00.370287 #10741]  INFO -- : Started GET "/assets/scaffolds-ba9867be7e07780f1577af65144b7bfe.css" for 190.5.117.234 at 2014-02-18 22:53:00 +0000
I, [2014-02-18T22:53:06.356073 #10738]  INFO -- : Started POST "/very_buildings" for 190.5.117.234 at 2014-02-18 22:53:06 +0000
I, [2014-02-18T22:53:06.359528 #10738]  INFO -- : Processing by VeryBuildingsController#create as HTML
I, [2014-02-18T22:53:06.359711 #10738]  INFO -- :   Parameters: {"utf8"=>"✓", "authenticity_token"=>"qfi9jjczZPQkjyYWzJsEzOqpQT8vkZ6koPMOmaDYCok=", "position"=>"6", "such_type"=>"SuchGenerator", "commit"=>"createSuchGenerator"}
I, [2014-02-18T22:53:06.379591 #10738]  INFO -- : Redirected to http://www.dogefun.com/
I, [2014-02-18T22:53:06.379986 #10738]  INFO -- : Completed 302 Found in 20ms (ActiveRecord: 13.5ms)
I, [2014-02-18T22:53:06.541028 #10741]  INFO -- : Started GET "/" for 190.5.117.234 at 2014-02-18 22:53:06 +0000
I, [2014-02-18T22:53:06.544520 #10741]  INFO -- : Processing by SuchCommandCenterController#index as HTML
I, [2014-02-18T22:53:06.565220 #10741]  INFO -- :   Rendered such_command_center/index.html.erb within layouts/application (18.7ms)
I, [2014-02-18T22:53:06.567137 #10741]  INFO -- : Completed 200 OK in 22ms (Views: 17.8ms | ActiveRecord: 3.3ms)
I, [2014-02-18T22:53:06.788615 #10738]  INFO -- : Started GET "/assets/scaffolds-ba9867be7e07780f1577af65144b7bfe.css" for 190.5.117.234 at 2014-02-18 22:53:06 +0000
I, [2014-02-18T22:53:10.798665 #10741]  INFO -- : Started POST "/very_buildings" for 190.5.117.234 at 2014-02-18 22:53:10 +0000
I, [2014-02-18T22:53:10.802007 #10741]  INFO -- : Processing by VeryBuildingsController#create as HTML
I, [2014-02-18T22:53:10.802139 #10741]  INFO -- :   Parameters: {"utf8"=>"✓", "authenticity_token"=>"qfi9jjczZPQkjyYWzJsEzOqpQT8vkZ6koPMOmaDYCok=", "position"=>"0", "such_type"=>"ShibeBarracks", "commit"=>"createShibeBarracks"}
I, [2014-02-18T22:53:10.879647 #10741]  INFO -- :   Rendered very_buildings/_form.html.erb (70.9ms)
I, [2014-02-18T22:53:10.880196 #10741]  INFO -- :   Rendered very_buildings/new.html.erb within layouts/application (73.3ms)
I, [2014-02-18T22:53:10.881892 #10741]  INFO -- : Completed 200 OK in 80ms (Views: 76.9ms | ActiveRecord: 0.2ms)
I, [2014-02-18T22:53:11.060382 #10738]  INFO -- : Started GET "/assets/scaffolds-ba9867be7e07780f1577af65144b7bfe.css" for 190.5.117.234 at 2014-02-18 22:53:11 +0000
I, [2014-02-18T22:53:17.437507 #10738]  INFO -- : Started GET "/" for 190.5.117.234 at 2014-02-18 22:53:17 +0000
I, [2014-02-18T22:53:17.440476 #10738]  INFO -- : Processing by SuchCommandCenterController#index as HTML
I, [2014-02-18T22:53:17.464360 #10738]  INFO -- :   Rendered such_command_center/index.html.erb within layouts/application (18.5ms)
I, [2014-02-18T22:53:17.466656 #10738]  INFO -- : Completed 200 OK in 26ms (Views: 18.0ms | ActiveRecord: 3.3ms)
I, [2014-02-18T22:53:17.629846 #10741]  INFO -- : Started GET "/assets/scaffolds-ba9867be7e07780f1577af65144b7bfe.css" for 190.5.117.234 at 2014-02-18 22:53:17 +0000
I, [2014-02-18T22:54:18.891195 #10773]  INFO -- : Started POST "/very_buildings" for 190.5.117.234 at 2014-02-18 22:54:18 +0000
I, [2014-02-18T22:54:18.909165 #10773]  INFO -- : Processing by VeryBuildingsController#create as HTML
I, [2014-02-18T22:54:18.909411 #10773]  INFO -- :   Parameters: {"utf8"=>"✓", "authenticity_token"=>"qfi9jjczZPQkjyYWzJsEzOqpQT8vkZ6koPMOmaDYCok=", "position"=>"0", "such_type"=>"SuchGenerator", "commit"=>"createSuchGenerator"}
I, [2014-02-18T22:54:19.022187 #10773]  INFO -- :   Rendered very_buildings/_form.html.erb (22.2ms)
I, [2014-02-18T22:54:19.022760 #10773]  INFO -- :   Rendered very_buildings/new.html.erb within layouts/application (24.8ms)
I, [2014-02-18T22:54:19.030823 #10773]  INFO -- : Completed 200 OK in 121ms (Views: 35.3ms | ActiveRecord: 5.6ms)
I, [2014-02-18T22:54:19.206443 #10770]  INFO -- : Started GET "/assets/scaffolds-ba9867be7e07780f1577af65144b7bfe.css" for 190.5.117.234 at 2014-02-18 22:54:19 +0000
I, [2014-02-18T22:54:22.456080 #10773]  INFO -- : Started GET "/" for 190.5.117.234 at 2014-02-18 22:54:22 +0000
I, [2014-02-18T22:54:22.460155 #10773]  INFO -- : Processing by SuchCommandCenterController#index as HTML
I, [2014-02-18T22:54:22.547113 #10773]  INFO -- :   Rendered such_command_center/index.html.erb within layouts/application (83.2ms)
I, [2014-02-18T22:54:22.548963 #10773]  INFO -- : Completed 200 OK in 89ms (Views: 83.5ms | ActiveRecord: 3.4ms)
I, [2014-02-18T22:54:22.725537 #10770]  INFO -- : Started GET "/assets/scaffolds-ba9867be7e07780f1577af65144b7bfe.css" for 190.5.117.234 at 2014-02-18 22:54:22 +0000
I, [2014-02-18T22:54:24.975910 #10773]  INFO -- : Started POST "/very_buildings" for 190.5.117.234 at 2014-02-18 22:54:24 +0000
I, [2014-02-18T22:54:24.979706 #10773]  INFO -- : Processing by VeryBuildingsController#create as HTML
I, [2014-02-18T22:54:24.979826 #10773]  INFO -- :   Parameters: {"utf8"=>"✓", "authenticity_token"=>"qfi9jjczZPQkjyYWzJsEzOqpQT8vkZ6koPMOmaDYCok=", "position"=>"0", "such_type"=>"SuchGenerator", "commit"=>"createSuchGenerator"}
I, [2014-02-18T22:54:24.989372 #10773]  INFO -- :   Rendered very_buildings/_form.html.erb (5.8ms)
I, [2014-02-18T22:54:24.989831 #10773]  INFO -- :   Rendered very_buildings/new.html.erb within layouts/application (6.5ms)
I, [2014-02-18T22:54:24.991214 #10773]  INFO -- : Completed 200 OK in 11ms (Views: 8.3ms | ActiveRecord: 0.2ms)
I, [2014-02-18T22:54:25.161020 #10770]  INFO -- : Started GET "/assets/scaffolds-ba9867be7e07780f1577af65144b7bfe.css" for 190.5.117.234 at 2014-02-18 22:54:25 +0000
I, [2014-02-18T22:54:28.313761 #10770]  INFO -- : Started GET "/" for 190.5.117.234 at 2014-02-18 22:54:28 +0000
I, [2014-02-18T22:54:28.318646 #10770]  INFO -- : Processing by SuchCommandCenterController#index as HTML
I, [2014-02-18T22:54:28.447486 #10770]  INFO -- :   Rendered such_command_center/index.html.erb within layouts/application (83.7ms)
I, [2014-02-18T22:54:28.450908 #10770]  INFO -- : Completed 200 OK in 132ms (Views: 80.6ms | ActiveRecord: 9.1ms)
I, [2014-02-18T22:54:28.631446 #10773]  INFO -- : Started GET "/assets/scaffolds-ba9867be7e07780f1577af65144b7bfe.css" for 190.5.117.234 at 2014-02-18 22:54:28 +0000
I, [2014-02-18T22:55:04.768953 #10803]  INFO -- : Started GET "/" for 190.5.117.234 at 2014-02-18 22:55:04 +0000
I, [2014-02-18T22:55:04.786273 #10803]  INFO -- : Processing by SuchCommandCenterController#index as HTML
I, [2014-02-18T22:55:04.914852 #10803]  INFO -- :   Rendered such_command_center/index.html.erb within layouts/application (84.8ms)
I, [2014-02-18T22:55:04.923363 #10803]  INFO -- : Completed 200 OK in 137ms (Views: 86.0ms | ActiveRecord: 9.8ms)
I, [2014-02-18T22:55:05.489475 #10800]  INFO -- : Started GET "/assets/scaffolds-ba9867be7e07780f1577af65144b7bfe.css" for 190.5.117.234 at 2014-02-18 22:55:05 +0000
I, [2014-02-18T22:55:08.680359 #10803]  INFO -- : Started POST "/very_buildings" for 190.5.117.234 at 2014-02-18 22:55:08 +0000
I, [2014-02-18T22:55:08.684288 #10803]  INFO -- : Processing by VeryBuildingsController#create as HTML
I, [2014-02-18T22:55:08.684537 #10803]  INFO -- :   Parameters: {"utf8"=>"✓", "authenticity_token"=>"qfi9jjczZPQkjyYWzJsEzOqpQT8vkZ6koPMOmaDYCok=", "position"=>"0", "such_type"=>"SuchGenerator", "commit"=>"createSuchGenerator"}
I, [2014-02-18T22:55:08.688577 #10803]  INFO -- : Redirected to http://www.dogefun.com/
I, [2014-02-18T22:55:08.688948 #10803]  INFO -- : Completed 302 Found in 4ms (ActiveRecord: 0.2ms)
I, [2014-02-18T22:55:08.860464 #10800]  INFO -- : Started GET "/" for 190.5.117.234 at 2014-02-18 22:55:08 +0000
I, [2014-02-18T22:55:08.864596 #10800]  INFO -- : Processing by SuchCommandCenterController#index as HTML
I, [2014-02-18T22:55:08.995468 #10800]  INFO -- :   Rendered such_command_center/index.html.erb within layouts/application (87.1ms)
I, [2014-02-18T22:55:08.998837 #10800]  INFO -- : Completed 200 OK in 134ms (Views: 83.0ms | ActiveRecord: 9.8ms)
I, [2014-02-18T22:55:09.559485 #10803]  INFO -- : Started GET "/assets/scaffolds-ba9867be7e07780f1577af65144b7bfe.css" for 190.5.117.234 at 2014-02-18 22:55:09 +0000
I, [2014-02-18T22:55:14.534322 #10800]  INFO -- : Started POST "/very_buildings" for 190.5.117.234 at 2014-02-18 22:55:14 +0000
I, [2014-02-18T22:55:14.538608 #10800]  INFO -- : Processing by VeryBuildingsController#create as HTML
I, [2014-02-18T22:55:14.538731 #10800]  INFO -- :   Parameters: {"utf8"=>"✓", "authenticity_token"=>"qfi9jjczZPQkjyYWzJsEzOqpQT8vkZ6koPMOmaDYCok=", "position"=>"0", "such_type"=>"ShibeBarracks", "commit"=>"createShibeBarracks"}
I, [2014-02-18T22:55:14.543220 #10800]  INFO -- : Redirected to http://www.dogefun.com/
I, [2014-02-18T22:55:14.543561 #10800]  INFO -- : Completed 302 Found in 5ms (ActiveRecord: 0.3ms)
I, [2014-02-18T22:55:14.721121 #10803]  INFO -- : Started GET "/" for 190.5.117.234 at 2014-02-18 22:55:14 +0000
I, [2014-02-18T22:55:14.726044 #10803]  INFO -- : Processing by SuchCommandCenterController#index as HTML
I, [2014-02-18T22:55:14.746579 #10803]  INFO -- :   Rendered such_command_center/index.html.erb within layouts/application (18.3ms)
I, [2014-02-18T22:55:14.748710 #10803]  INFO -- : Completed 200 OK in 22ms (Views: 18.0ms | ActiveRecord: 3.3ms)
I, [2014-02-18T22:55:14.931320 #10800]  INFO -- : Started GET "/assets/scaffolds-ba9867be7e07780f1577af65144b7bfe.css" for 190.5.117.234 at 2014-02-18 22:55:14 +0000
I, [2014-02-18T22:59:36.590307 #10837]  INFO -- : Started POST "/" for 190.5.117.234 at 2014-02-18 22:59:36 +0000
F, [2014-02-18T22:59:36.606676 #10837] FATAL -- : 
ActionController::RoutingError (No route matches [POST] "/"):
  actionpack (4.0.2) lib/action_dispatch/middleware/debug_exceptions.rb:21:in `call'
  actionpack (4.0.2) lib/action_dispatch/middleware/show_exceptions.rb:30:in `call'
  railties (4.0.2) lib/rails/rack/logger.rb:38:in `call_app'
  railties (4.0.2) lib/rails/rack/logger.rb:20:in `block in call'
  activesupport (4.0.2) lib/active_support/tagged_logging.rb:67:in `block in tagged'
  activesupport (4.0.2) lib/active_support/tagged_logging.rb:25:in `tagged'
  activesupport (4.0.2) lib/active_support/tagged_logging.rb:67:in `tagged'
  railties (4.0.2) lib/rails/rack/logger.rb:20:in `call'
  actionpack (4.0.2) lib/action_dispatch/middleware/request_id.rb:21:in `call'
  rack (1.5.2) lib/rack/methodoverride.rb:21:in `call'
  rack (1.5.2) lib/rack/runtime.rb:17:in `call'
  activesupport (4.0.2) lib/active_support/cache/strategy/local_cache.rb:83:in `call'
  rack (1.5.2) lib/rack/sendfile.rb:112:in `call'
  railties (4.0.2) lib/rails/engine.rb:511:in `call'
  railties (4.0.2) lib/rails/application.rb:97:in `call'
  unicorn (4.7.0) lib/unicorn/http_server.rb:580:in `process_client'
  unicorn (4.7.0) lib/unicorn/http_server.rb:660:in `worker_loop'
  unicorn (4.7.0) lib/unicorn/http_server.rb:527:in `spawn_missing_workers'
  unicorn (4.7.0) lib/unicorn/http_server.rb:153:in `start'
  unicorn (4.7.0) bin/unicorn:126:in `<top (required)>'
  /usr/local/rvm/gems/ruby-2.0.0-p353/bin/unicorn:23:in `load'
  /usr/local/rvm/gems/ruby-2.0.0-p353/bin/unicorn:23:in `<main>'
  /usr/local/rvm/gems/ruby-2.0.0-p353/bin/ruby_executable_hooks:15:in `eval'
  /usr/local/rvm/gems/ruby-2.0.0-p353/bin/ruby_executable_hooks:15:in `<main>'


I, [2014-02-18T22:59:54.134148 #10834]  INFO -- : Started GET "/?fb_source=feed_opengraph" for 173.252.101.117 at 2014-02-18 22:59:54 +0000
I, [2014-02-18T22:59:54.152144 #10834]  INFO -- : Processing by SuchCommandCenterController#index as */*
I, [2014-02-18T22:59:54.152362 #10834]  INFO -- :   Parameters: {"fb_source"=>"feed_opengraph"}
I, [2014-02-18T22:59:54.204096 #10834]  INFO -- :   Rendered such_command_center/index.html.erb within layouts/application (2.9ms)
I, [2014-02-18T22:59:54.212894 #10834]  INFO -- : Completed 200 OK in 60ms (Views: 16.9ms | ActiveRecord: 0.0ms)
I, [2014-02-18T22:59:54.814824 #10837]  INFO -- : Started GET "/?fb_source=feed_opengraph&fb_locale=es_LA" for 173.252.101.119 at 2014-02-18 22:59:54 +0000
I, [2014-02-18T22:59:54.819475 #10837]  INFO -- : Processing by SuchCommandCenterController#index as */*
I, [2014-02-18T22:59:54.819630 #10837]  INFO -- :   Parameters: {"fb_source"=>"feed_opengraph", "fb_locale"=>"es_LA"}
I, [2014-02-18T22:59:54.872377 #10837]  INFO -- :   Rendered such_command_center/index.html.erb within layouts/application (3.2ms)
I, [2014-02-18T22:59:54.880146 #10837]  INFO -- : Completed 200 OK in 60ms (Views: 16.5ms | ActiveRecord: 0.0ms)
I, [2014-02-18T23:17:15.461607 #10834]  INFO -- : Started GET "/" for 54.229.226.13 at 2014-02-18 23:17:15 +0000
I, [2014-02-18T23:17:15.473333 #10834]  INFO -- : Processing by SuchCommandCenterController#index as HTML
I, [2014-02-18T23:17:15.481611 #10834]  INFO -- :   Rendered such_command_center/index.html.erb within layouts/application (4.1ms)
I, [2014-02-18T23:17:15.484840 #10834]  INFO -- : Completed 200 OK in 11ms (Views: 9.6ms | ActiveRecord: 0.0ms)
I, [2014-02-18T23:39:03.272158 #10837]  INFO -- : Started GET "/phpTest/zologize/axa.php" for 77.253.137.247 at 2014-02-18 23:39:03 +0000
F, [2014-02-18T23:39:03.280189 #10837] FATAL -- : 
ActionController::RoutingError (No route matches [GET] "/phpTest/zologize/axa.php"):
  actionpack (4.0.2) lib/action_dispatch/middleware/debug_exceptions.rb:21:in `call'
  actionpack (4.0.2) lib/action_dispatch/middleware/show_exceptions.rb:30:in `call'
  railties (4.0.2) lib/rails/rack/logger.rb:38:in `call_app'
  railties (4.0.2) lib/rails/rack/logger.rb:20:in `block in call'
  activesupport (4.0.2) lib/active_support/tagged_logging.rb:67:in `block in tagged'
  activesupport (4.0.2) lib/active_support/tagged_logging.rb:25:in `tagged'
  activesupport (4.0.2) lib/active_support/tagged_logging.rb:67:in `tagged'
  railties (4.0.2) lib/rails/rack/logger.rb:20:in `call'
  actionpack (4.0.2) lib/action_dispatch/middleware/request_id.rb:21:in `call'
  rack (1.5.2) lib/rack/methodoverride.rb:21:in `call'
  rack (1.5.2) lib/rack/runtime.rb:17:in `call'
  activesupport (4.0.2) lib/active_support/cache/strategy/local_cache.rb:83:in `call'
  rack (1.5.2) lib/rack/sendfile.rb:112:in `call'
  railties (4.0.2) lib/rails/engine.rb:511:in `call'
  railties (4.0.2) lib/rails/application.rb:97:in `call'
  unicorn (4.7.0) lib/unicorn/http_server.rb:580:in `process_client'
  unicorn (4.7.0) lib/unicorn/http_server.rb:660:in `worker_loop'
  unicorn (4.7.0) lib/unicorn/http_server.rb:527:in `spawn_missing_workers'
  unicorn (4.7.0) lib/unicorn/http_server.rb:153:in `start'
  unicorn (4.7.0) bin/unicorn:126:in `<top (required)>'
  /usr/local/rvm/gems/ruby-2.0.0-p353/bin/unicorn:23:in `load'
  /usr/local/rvm/gems/ruby-2.0.0-p353/bin/unicorn:23:in `<main>'
  /usr/local/rvm/gems/ruby-2.0.0-p353/bin/ruby_executable_hooks:15:in `eval'
  /usr/local/rvm/gems/ruby-2.0.0-p353/bin/ruby_executable_hooks:15:in `<main>'


I, [2014-02-18T23:39:06.498679 #10834]  INFO -- : Started GET "/phpMyAdmin/scripts/setup.php" for 77.253.137.247 at 2014-02-18 23:39:06 +0000
F, [2014-02-18T23:39:06.502175 #10834] FATAL -- : 
ActionController::RoutingError (No route matches [GET] "/phpMyAdmin/scripts/setup.php"):
  actionpack (4.0.2) lib/action_dispatch/middleware/debug_exceptions.rb:21:in `call'
  actionpack (4.0.2) lib/action_dispatch/middleware/show_exceptions.rb:30:in `call'
  railties (4.0.2) lib/rails/rack/logger.rb:38:in `call_app'
  railties (4.0.2) lib/rails/rack/logger.rb:20:in `block in call'
  activesupport (4.0.2) lib/active_support/tagged_logging.rb:67:in `block in tagged'
  activesupport (4.0.2) lib/active_support/tagged_logging.rb:25:in `tagged'
  activesupport (4.0.2) lib/active_support/tagged_logging.rb:67:in `tagged'
  railties (4.0.2) lib/rails/rack/logger.rb:20:in `call'
  actionpack (4.0.2) lib/action_dispatch/middleware/request_id.rb:21:in `call'
  rack (1.5.2) lib/rack/methodoverride.rb:21:in `call'
  rack (1.5.2) lib/rack/runtime.rb:17:in `call'
  activesupport (4.0.2) lib/active_support/cache/strategy/local_cache.rb:83:in `call'
  rack (1.5.2) lib/rack/sendfile.rb:112:in `call'
  railties (4.0.2) lib/rails/engine.rb:511:in `call'
  railties (4.0.2) lib/rails/application.rb:97:in `call'
  unicorn (4.7.0) lib/unicorn/http_server.rb:580:in `process_client'
  unicorn (4.7.0) lib/unicorn/http_server.rb:660:in `worker_loop'
  unicorn (4.7.0) lib/unicorn/http_server.rb:527:in `spawn_missing_workers'
  unicorn (4.7.0) lib/unicorn/http_server.rb:153:in `start'
  unicorn (4.7.0) bin/unicorn:126:in `<top (required)>'
  /usr/local/rvm/gems/ruby-2.0.0-p353/bin/unicorn:23:in `load'
  /usr/local/rvm/gems/ruby-2.0.0-p353/bin/unicorn:23:in `<main>'
  /usr/local/rvm/gems/ruby-2.0.0-p353/bin/ruby_executable_hooks:15:in `eval'
  /usr/local/rvm/gems/ruby-2.0.0-p353/bin/ruby_executable_hooks:15:in `<main>'


I, [2014-02-18T23:39:06.719016 #10837]  INFO -- : Started GET "/pma/scripts/setup.php" for 77.253.137.247 at 2014-02-18 23:39:06 +0000
F, [2014-02-18T23:39:06.721321 #10837] FATAL -- : 
ActionController::RoutingError (No route matches [GET] "/pma/scripts/setup.php"):
  actionpack (4.0.2) lib/action_dispatch/middleware/debug_exceptions.rb:21:in `call'
  actionpack (4.0.2) lib/action_dispatch/middleware/show_exceptions.rb:30:in `call'
  railties (4.0.2) lib/rails/rack/logger.rb:38:in `call_app'
  railties (4.0.2) lib/rails/rack/logger.rb:20:in `block in call'
  activesupport (4.0.2) lib/active_support/tagged_logging.rb:67:in `block in tagged'
  activesupport (4.0.2) lib/active_support/tagged_logging.rb:25:in `tagged'
  activesupport (4.0.2) lib/active_support/tagged_logging.rb:67:in `tagged'
  railties (4.0.2) lib/rails/rack/logger.rb:20:in `call'
  actionpack (4.0.2) lib/action_dispatch/middleware/request_id.rb:21:in `call'
  rack (1.5.2) lib/rack/methodoverride.rb:21:in `call'
  rack (1.5.2) lib/rack/runtime.rb:17:in `call'
  activesupport (4.0.2) lib/active_support/cache/strategy/local_cache.rb:83:in `call'
  rack (1.5.2) lib/rack/sendfile.rb:112:in `call'
  railties (4.0.2) lib/rails/engine.rb:511:in `call'
  railties (4.0.2) lib/rails/application.rb:97:in `call'
  unicorn (4.7.0) lib/unicorn/http_server.rb:580:in `process_client'
  unicorn (4.7.0) lib/unicorn/http_server.rb:660:in `worker_loop'
  unicorn (4.7.0) lib/unicorn/http_server.rb:527:in `spawn_missing_workers'
  unicorn (4.7.0) lib/unicorn/http_server.rb:153:in `start'
  unicorn (4.7.0) bin/unicorn:126:in `<top (required)>'
  /usr/local/rvm/gems/ruby-2.0.0-p353/bin/unicorn:23:in `load'
  /usr/local/rvm/gems/ruby-2.0.0-p353/bin/unicorn:23:in `<main>'
  /usr/local/rvm/gems/ruby-2.0.0-p353/bin/ruby_executable_hooks:15:in `eval'
  /usr/local/rvm/gems/ruby-2.0.0-p353/bin/ruby_executable_hooks:15:in `<main>'


I, [2014-02-18T23:39:06.955073 #10834]  INFO -- : Started GET "/myadmin/scripts/setup.php" for 77.253.137.247 at 2014-02-18 23:39:06 +0000
F, [2014-02-18T23:39:06.958131 #10834] FATAL -- : 
ActionController::RoutingError (No route matches [GET] "/myadmin/scripts/setup.php"):
  actionpack (4.0.2) lib/action_dispatch/middleware/debug_exceptions.rb:21:in `call'
  actionpack (4.0.2) lib/action_dispatch/middleware/show_exceptions.rb:30:in `call'
  railties (4.0.2) lib/rails/rack/logger.rb:38:in `call_app'
  railties (4.0.2) lib/rails/rack/logger.rb:20:in `block in call'
  activesupport (4.0.2) lib/active_support/tagged_logging.rb:67:in `block in tagged'
  activesupport (4.0.2) lib/active_support/tagged_logging.rb:25:in `tagged'
  activesupport (4.0.2) lib/active_support/tagged_logging.rb:67:in `tagged'
  railties (4.0.2) lib/rails/rack/logger.rb:20:in `call'
  actionpack (4.0.2) lib/action_dispatch/middleware/request_id.rb:21:in `call'
  rack (1.5.2) lib/rack/methodoverride.rb:21:in `call'
  rack (1.5.2) lib/rack/runtime.rb:17:in `call'
  activesupport (4.0.2) lib/active_support/cache/strategy/local_cache.rb:83:in `call'
  rack (1.5.2) lib/rack/sendfile.rb:112:in `call'
  railties (4.0.2) lib/rails/engine.rb:511:in `call'
  railties (4.0.2) lib/rails/application.rb:97:in `call'
  unicorn (4.7.0) lib/unicorn/http_server.rb:580:in `process_client'
  unicorn (4.7.0) lib/unicorn/http_server.rb:660:in `worker_loop'
  unicorn (4.7.0) lib/unicorn/http_server.rb:527:in `spawn_missing_workers'
  unicorn (4.7.0) lib/unicorn/http_server.rb:153:in `start'
  unicorn (4.7.0) bin/unicorn:126:in `<top (required)>'
  /usr/local/rvm/gems/ruby-2.0.0-p353/bin/unicorn:23:in `load'
  /usr/local/rvm/gems/ruby-2.0.0-p353/bin/unicorn:23:in `<main>'
  /usr/local/rvm/gems/ruby-2.0.0-p353/bin/ruby_executable_hooks:15:in `eval'
  /usr/local/rvm/gems/ruby-2.0.0-p353/bin/ruby_executable_hooks:15:in `<main>'


I, [2014-02-18T23:41:04.865843 #10837]  INFO -- : Started GET "/" for 190.5.117.234 at 2014-02-18 23:41:04 +0000
I, [2014-02-18T23:41:04.873745 #10837]  INFO -- : Processing by SuchCommandCenterController#index as HTML
I, [2014-02-18T23:41:04.882507 #10837]  INFO -- :   Rendered such_command_center/index.html.erb within layouts/application (4.4ms)
I, [2014-02-18T23:41:04.886237 #10837]  INFO -- : Completed 200 OK in 12ms (Views: 10.5ms | ActiveRecord: 0.0ms)
I, [2014-02-18T23:41:05.244032 #10834]  INFO -- : Started GET "/assets/scaffolds-ba9867be7e07780f1577af65144b7bfe.css" for 190.5.117.234 at 2014-02-18 23:41:05 +0000
I, [2014-02-18T23:41:31.655905 #10837]  INFO -- : Started GET "/auth/facebook" for 190.5.117.234 at 2014-02-18 23:41:31 +0000
I, [2014-02-18T23:41:31.657103 #10837]  INFO -- : (facebook) Request phase initiated.
I, [2014-02-18T23:42:02.484068 #10834]  INFO -- : Started GET "/" for 190.5.117.234 at 2014-02-18 23:42:02 +0000
I, [2014-02-18T23:42:02.486865 #10834]  INFO -- : Processing by SuchCommandCenterController#index as HTML
I, [2014-02-18T23:42:02.489113 #10834]  INFO -- :   Rendered such_command_center/index.html.erb within layouts/application (0.2ms)
I, [2014-02-18T23:42:02.490334 #10834]  INFO -- : Completed 200 OK in 3ms (Views: 2.1ms | ActiveRecord: 0.0ms)
I, [2014-02-18T23:42:06.280967 #10837]  INFO -- : Started GET "/auth/facebook" for 190.5.117.234 at 2014-02-18 23:42:06 +0000
I, [2014-02-18T23:42:06.281980 #10837]  INFO -- : (facebook) Request phase initiated.
I, [2014-02-18T23:42:14.476483 #10834]  INFO -- : Started GET "/auth/facebook/callback?code=AQAj5iYcsFNQtTehZ_AhhkbyCK5DKU_8NnPSULpd1uRhLi3uSoLL-ZeSJT-6NLs8vlFH8T96V0qau-DwIxvy-xf0wDRxGfp70MtCouYfeogLnJgjmNBkJYTsYYEYKxdEAjix9Mq8isjubi7K5tP1EejuxpYjRN7EeL9rtG6RT6JAEUaXQvZqeNKT3aAzNxYww4G8VOSL-zK8nrXFLE8DeIS6DRe0ihyDYRnc6m_vf3Gj_1IA66Jo3mhLDXfoGltL5NNuPeVsJ6N3tw2Q112a4ZJW0jjoaAyijhL6BlVzwHNx-lAt1PPN9i7Ou15w2BNOxoY" for 190.5.117.234 at 2014-02-18 23:42:14 +0000
I, [2014-02-18T23:42:14.478114 #10834]  INFO -- : (facebook) Callback phase initiated.
I, [2014-02-18T23:42:14.952493 #10834]  INFO -- : Processing by SessionsController#create as HTML
I, [2014-02-18T23:42:14.952731 #10834]  INFO -- :   Parameters: {"code"=>"AQAj5iYcsFNQtTehZ_AhhkbyCK5DKU_8NnPSULpd1uRhLi3uSoLL-ZeSJT-6NLs8vlFH8T96V0qau-DwIxvy-xf0wDRxGfp70MtCouYfeogLnJgjmNBkJYTsYYEYKxdEAjix9Mq8isjubi7K5tP1EejuxpYjRN7EeL9rtG6RT6JAEUaXQvZqeNKT3aAzNxYww4G8VOSL-zK8nrXFLE8DeIS6DRe0ihyDYRnc6m_vf3Gj_1IA66Jo3mhLDXfoGltL5NNuPeVsJ6N3tw2Q112a4ZJW0jjoaAyijhL6BlVzwHNx-lAt1PPN9i7Ou15w2BNOxoY", "provider"=>"facebook"}
I, [2014-02-18T23:42:15.019711 #10834]  INFO -- : Redirected to http://www.dogefun.com/
I, [2014-02-18T23:42:15.020302 #10834]  INFO -- : Completed 302 Found in 67ms (ActiveRecord: 21.1ms)
I, [2014-02-18T23:42:15.265192 #10837]  INFO -- : Started GET "/" for 190.5.117.234 at 2014-02-18 23:42:15 +0000
I, [2014-02-18T23:42:15.267913 #10837]  INFO -- : Processing by SuchCommandCenterController#index as HTML
I, [2014-02-18T23:42:15.450321 #10837]  INFO -- :   Rendered such_command_center/index.html.erb within layouts/application (180.5ms)
I, [2014-02-18T23:42:15.451749 #10837]  INFO -- : Completed 200 OK in 184ms (Views: 169.0ms | ActiveRecord: 13.7ms)
I, [2014-02-18T23:42:22.457927 #10834]  INFO -- : Started POST "/very_loots" for 190.5.117.234 at 2014-02-18 23:42:22 +0000
I, [2014-02-18T23:42:22.462180 #10834]  INFO -- : Processing by VeryLootsController#create as HTML
I, [2014-02-18T23:42:22.462382 #10834]  INFO -- :   Parameters: {"utf8"=>"✓", "authenticity_token"=>"GpVZ2OfOFVW7s8eIV5/ZiVfjRguoHYtM4rMCO94AQgA=", "commit"=>"much energy loot"}
I, [2014-02-18T23:42:22.504648 #10834]  INFO -- : Redirected to http://www.dogefun.com/
I, [2014-02-18T23:42:22.505093 #10834]  INFO -- : Completed 302 Found in 43ms (ActiveRecord: 14.6ms)
I, [2014-02-18T23:42:22.777715 #10837]  INFO -- : Started GET "/" for 190.5.117.234 at 2014-02-18 23:42:22 +0000
I, [2014-02-18T23:42:22.780171 #10837]  INFO -- : Processing by SuchCommandCenterController#index as HTML
I, [2014-02-18T23:42:22.828947 #10837]  INFO -- :   Rendered such_command_center/index.html.erb within layouts/application (46.8ms)
I, [2014-02-18T23:42:22.830854 #10837]  INFO -- : Completed 200 OK in 50ms (Views: 45.5ms | ActiveRecord: 3.8ms)
I, [2014-02-18T23:43:04.551940 #10834]  INFO -- : Started POST "/very_buildings" for 190.5.117.234 at 2014-02-18 23:43:04 +0000
I, [2014-02-18T23:43:04.555743 #10834]  INFO -- : Processing by VeryBuildingsController#create as HTML
I, [2014-02-18T23:43:04.555873 #10834]  INFO -- :   Parameters: {"utf8"=>"✓", "authenticity_token"=>"GpVZ2OfOFVW7s8eIV5/ZiVfjRguoHYtM4rMCO94AQgA=", "position"=>"1", "such_type"=>"ShibeBarracks", "commit"=>"createShibeBarracks"}
I, [2014-02-18T23:43:04.646661 #10834]  INFO -- : Redirected to http://www.dogefun.com/
I, [2014-02-18T23:43:04.647051 #10834]  INFO -- : Completed 302 Found in 91ms (ActiveRecord: 11.6ms)
I, [2014-02-18T23:43:04.847021 #10837]  INFO -- : Started GET "/" for 190.5.117.234 at 2014-02-18 23:43:04 +0000
I, [2014-02-18T23:43:04.849330 #10837]  INFO -- : Processing by SuchCommandCenterController#index as HTML
I, [2014-02-18T23:43:04.890772 #10837]  INFO -- :   Rendered such_command_center/index.html.erb within layouts/application (39.5ms)
I, [2014-02-18T23:43:04.892593 #10837]  INFO -- : Completed 200 OK in 43ms (Views: 38.4ms | ActiveRecord: 3.4ms)
I, [2014-02-18T23:46:57.508871 #10834]  INFO -- : Started GET "/" for 190.5.117.234 at 2014-02-18 23:46:57 +0000
I, [2014-02-18T23:46:57.511264 #10834]  INFO -- : Processing by SuchCommandCenterController#index as HTML
I, [2014-02-18T23:46:57.559532 #10834]  INFO -- :   Rendered such_command_center/index.html.erb within layouts/application (46.5ms)
I, [2014-02-18T23:46:57.561388 #10834]  INFO -- : Completed 200 OK in 50ms (Views: 45.2ms | ActiveRecord: 3.5ms)
I, [2014-02-18T23:52:22.533563 #10837]  INFO -- : Started GET "/" for 190.5.117.234 at 2014-02-18 23:52:22 +0000
I, [2014-02-18T23:52:22.535458 #10837]  INFO -- : Processing by SuchCommandCenterController#index as HTML
I, [2014-02-18T23:52:22.571877 #10837]  INFO -- :   Rendered such_command_center/index.html.erb within layouts/application (35.2ms)
I, [2014-02-18T23:52:22.573023 #10837]  INFO -- : Completed 200 OK in 37ms (Views: 33.5ms | ActiveRecord: 3.1ms)
I, [2014-02-18T23:52:22.769400 #10834]  INFO -- : Started GET "/assets/scaffolds-ba9867be7e07780f1577af65144b7bfe.css" for 190.5.117.234 at 2014-02-18 23:52:22 +0000
I, [2014-02-18T23:52:40.350433 #11249]  INFO -- : Started GET "/" for 190.5.117.234 at 2014-02-18 23:52:40 +0000
I, [2014-02-18T23:52:40.361725 #11249]  INFO -- : Processing by SuchCommandCenterController#index as HTML
I, [2014-02-18T23:52:40.463691 #11249]  INFO -- :   Rendered such_command_center/index.html.erb within layouts/application (76.2ms)
I, [2014-02-18T23:52:40.473719 #11249]  INFO -- : Completed 200 OK in 112ms (Views: 80.5ms | ActiveRecord: 7.4ms)
I, [2014-02-18T23:52:40.696061 #11252]  INFO -- : Started GET "/assets/scaffolds-ba9867be7e07780f1577af65144b7bfe.css" for 190.5.117.234 at 2014-02-18 23:52:40 +0000
I, [2014-02-18T23:56:13.213558 #11281]  INFO -- : Started GET "/" for 190.5.117.234 at 2014-02-18 23:56:13 +0000
I, [2014-02-18T23:56:13.230284 #11281]  INFO -- : Processing by SuchCommandCenterController#index as HTML
I, [2014-02-18T23:56:13.375007 #11281]  INFO -- :   Rendered such_command_center/index.html.erb within layouts/application (102.4ms)
I, [2014-02-18T23:56:13.382713 #11281]  INFO -- : Completed 200 OK in 152ms (Views: 103.6ms | ActiveRecord: 8.9ms)
I, [2014-02-18T23:56:13.648600 #11283]  INFO -- : Started GET "/assets/scaffolds-ba9867be7e07780f1577af65144b7bfe.css" for 190.5.117.234 at 2014-02-18 23:56:13 +0000
I, [2014-02-19T00:55:48.246047 #11281]  INFO -- : Started GET "/" for 190.5.117.234 at 2014-02-19 00:55:48 +0000
I, [2014-02-19T00:55:48.260382 #11281]  INFO -- : Processing by SuchCommandCenterController#index as HTML
I, [2014-02-19T00:55:48.409835 #11281]  INFO -- :   Rendered such_command_center/index.html.erb within layouts/application (144.8ms)
I, [2014-02-19T00:55:48.412440 #11281]  INFO -- : Completed 200 OK in 152ms (Views: 140.9ms | ActiveRecord: 8.0ms)
I, [2014-02-19T00:55:48.650489 #11283]  INFO -- : Started GET "/assets/scaffolds-ba9867be7e07780f1577af65144b7bfe.css" for 190.5.117.234 at 2014-02-19 00:55:48 +0000
I, [2014-02-19T02:10:07.600276 #11283]  INFO -- : Started GET "/phpTest/zologize/axa.php" for 60.53.125.4 at 2014-02-19 02:10:07 +0000
F, [2014-02-19T02:10:07.607351 #11283] FATAL -- : 
ActionController::RoutingError (No route matches [GET] "/phpTest/zologize/axa.php"):
  actionpack (4.0.2) lib/action_dispatch/middleware/debug_exceptions.rb:21:in `call'
  actionpack (4.0.2) lib/action_dispatch/middleware/show_exceptions.rb:30:in `call'
  railties (4.0.2) lib/rails/rack/logger.rb:38:in `call_app'
  railties (4.0.2) lib/rails/rack/logger.rb:20:in `block in call'
  activesupport (4.0.2) lib/active_support/tagged_logging.rb:67:in `block in tagged'
  activesupport (4.0.2) lib/active_support/tagged_logging.rb:25:in `tagged'
  activesupport (4.0.2) lib/active_support/tagged_logging.rb:67:in `tagged'
  railties (4.0.2) lib/rails/rack/logger.rb:20:in `call'
  actionpack (4.0.2) lib/action_dispatch/middleware/request_id.rb:21:in `call'
  rack (1.5.2) lib/rack/methodoverride.rb:21:in `call'
  rack (1.5.2) lib/rack/runtime.rb:17:in `call'
  activesupport (4.0.2) lib/active_support/cache/strategy/local_cache.rb:83:in `call'
  rack (1.5.2) lib/rack/sendfile.rb:112:in `call'
  railties (4.0.2) lib/rails/engine.rb:511:in `call'
  railties (4.0.2) lib/rails/application.rb:97:in `call'
  unicorn (4.7.0) lib/unicorn/http_server.rb:580:in `process_client'
  unicorn (4.7.0) lib/unicorn/http_server.rb:660:in `worker_loop'
  unicorn (4.7.0) lib/unicorn/http_server.rb:527:in `spawn_missing_workers'
  unicorn (4.7.0) lib/unicorn/http_server.rb:153:in `start'
  unicorn (4.7.0) bin/unicorn:126:in `<top (required)>'
  /usr/local/rvm/gems/ruby-2.0.0-p353/bin/unicorn:23:in `load'
  /usr/local/rvm/gems/ruby-2.0.0-p353/bin/unicorn:23:in `<main>'
  /usr/local/rvm/gems/ruby-2.0.0-p353/bin/ruby_executable_hooks:15:in `eval'
  /usr/local/rvm/gems/ruby-2.0.0-p353/bin/ruby_executable_hooks:15:in `<main>'


